Archive member included to satisfy reference by file (symbol)

../../../libDaisy/build\libdaisy.a(daisy_seed.o)
                              build/phasor.o (daisy::DaisySeed::Configure())
../../../libDaisy/build\libdaisy.a(codec_ak4556.o)
                              ../../../libDaisy/build\libdaisy.a(daisy_seed.o) (daisy::Ak4556::Init(dsy_gpio_pin))
../../../libDaisy/build\libdaisy.a(codec_wm8731.o)
                              ../../../libDaisy/build\libdaisy.a(daisy_seed.o) (daisy::Wm8731::Init(daisy::Wm8731::Config const&, daisy::I2CHandle))
../../../libDaisy/build\libdaisy.a(sdram.o)
                              ../../../libDaisy/build\libdaisy.a(daisy_seed.o) (SdramHandle::Init())
../../../libDaisy/build\libdaisy.a(audio.o)
                              ../../../libDaisy/build\libdaisy.a(daisy_seed.o) (daisy::AudioHandle::Init(daisy::AudioHandle::Config const&, daisy::SaiHandle))
../../../libDaisy/build\libdaisy.a(switch.o)
                              build/phasor.o (daisy::Switch::Init(dsy_gpio_pin, float))
../../../libDaisy/build\libdaisy.a(gpio.o)
                              build/phasor.o (daisy::GPIO::Init(daisy::Pin, daisy::GPIO::Mode, daisy::GPIO::Pull, daisy::GPIO::Speed))
../../../libDaisy/build\libdaisy.a(i2c.o)
                              ../../../libDaisy/build\libdaisy.a(daisy_seed.o) (daisy::I2CHandle::Init(daisy::I2CHandle::Config const&))
../../../libDaisy/build\libdaisy.a(qspi.o)
                              ../../../libDaisy/build\libdaisy.a(daisy_seed.o) (daisy::QSPIHandle::Init(daisy::QSPIHandle::Config const&))
../../../libDaisy/build\libdaisy.a(sai.o)
                              ../../../libDaisy/build\libdaisy.a(daisy_seed.o) (daisy::SaiHandle::Init(daisy::SaiHandle::Config const&))
../../../libDaisy/build\libdaisy.a(system.o)
                              ../../../libDaisy/build\libdaisy.a(daisy_seed.o) (daisy::System::DeInit())
../../../libDaisy/build\libdaisy.a(system_stm32h7xx.o)
                              build/startup_stm32h750xx.o (SystemInit)
../../../libDaisy/build\libdaisy.a(usbd_conf.o)
                              ../../../libDaisy/build\libdaisy.a(system.o) (hpcd_USB_OTG_HS)
../../../libDaisy/build\libdaisy.a(usbh_conf.o)
                              ../../../libDaisy/build\libdaisy.a(system.o) (hhcd_USB_OTG_HS)
../../../libDaisy/build\libdaisy.a(hal_map.o)
                              ../../../libDaisy/build\libdaisy.a(gpio.o) (dsy_hal_map_get_port)
../../../libDaisy/build\libdaisy.a(stm32h7xx_hal.o)
                              ../../../libDaisy/build\libdaisy.a(system.o) (HAL_Init)
../../../libDaisy/build\libdaisy.a(stm32h7xx_hal_cortex.o)
                              ../../../libDaisy/build\libdaisy.a(stm32h7xx_hal.o) (HAL_NVIC_SetPriorityGrouping)
../../../libDaisy/build\libdaisy.a(stm32h7xx_hal_dma.o)
                              ../../../libDaisy/build\libdaisy.a(i2c.o) (HAL_DMA_Init)
../../../libDaisy/build\libdaisy.a(stm32h7xx_hal_gpio.o)
                              ../../../libDaisy/build\libdaisy.a(sdram.o) (HAL_GPIO_Init)
../../../libDaisy/build\libdaisy.a(stm32h7xx_hal_hcd.o)
                              ../../../libDaisy/build\libdaisy.a(usbh_conf.o) (HAL_HCD_HC_Init)
../../../libDaisy/build\libdaisy.a(stm32h7xx_hal_i2c.o)
                              ../../../libDaisy/build\libdaisy.a(i2c.o) (HAL_I2C_Init)
../../../libDaisy/build\libdaisy.a(stm32h7xx_hal_i2c_ex.o)
                              ../../../libDaisy/build\libdaisy.a(i2c.o) (HAL_I2CEx_ConfigAnalogFilter)
../../../libDaisy/build\libdaisy.a(stm32h7xx_hal_pcd.o)
                              ../../../libDaisy/build\libdaisy.a(usbd_conf.o) (HAL_PCD_Init)
../../../libDaisy/build\libdaisy.a(stm32h7xx_hal_pcd_ex.o)
                              ../../../libDaisy/build\libdaisy.a(usbd_conf.o) (HAL_PCDEx_SetTxFiFo)
../../../libDaisy/build\libdaisy.a(stm32h7xx_hal_pwr_ex.o)
                              ../../../libDaisy/build\libdaisy.a(system.o) (HAL_PWREx_ConfigSupply)
../../../libDaisy/build\libdaisy.a(stm32h7xx_hal_qspi.o)
                              ../../../libDaisy/build\libdaisy.a(qspi.o) (HAL_QSPI_Init)
../../../libDaisy/build\libdaisy.a(stm32h7xx_hal_rcc.o)
                              ../../../libDaisy/build\libdaisy.a(system.o) (HAL_RCC_OscConfig)
../../../libDaisy/build\libdaisy.a(stm32h7xx_hal_rcc_ex.o)
                              ../../../libDaisy/build\libdaisy.a(system.o) (HAL_RCCEx_PeriphCLKConfig)
../../../libDaisy/build\libdaisy.a(stm32h7xx_hal_sai.o)
                              ../../../libDaisy/build\libdaisy.a(sai.o) (HAL_SAI_InitProtocol)
../../../libDaisy/build\libdaisy.a(stm32h7xx_hal_sdram.o)
                              ../../../libDaisy/build\libdaisy.a(sdram.o) (HAL_SDRAM_Init)
../../../libDaisy/build\libdaisy.a(stm32h7xx_ll_fmc.o)
                              ../../../libDaisy/build\libdaisy.a(stm32h7xx_hal_sdram.o) (FMC_SDRAM_Init)
../../../libDaisy/build\libdaisy.a(stm32h7xx_ll_usb.o)
[...]
Memory Configuration

Name             Origin             Length             Attributes
FLASH            0x08000000         0x00020000         xr
DTCMRAM          0x20000000         0x00020000         xrw
SRAM             0x24000000         0x00080000         xrw
RAM_D2           0x30000000         0x00048000         xrw
RAM_D3           0x38000000         0x00010000         xrw
ITCMRAM          0x00000000         0x00010000         xrw
SDRAM            0xc0000000         0x04000000         xrw
QSPIFLASH        0x90000000         0x00800000         xr
*default*        0x00000000         0xffffffff

Linker script and memory map

LOAD c:/program files/daisytoolchain/bin/../lib/gcc/arm-none-eabi/10.2.1/thumb/v7e-m+dp/hard/crti.o
LOAD c:/program files/daisytoolchain/bin/../lib/gcc/arm-none-eabi/10.2.1/thumb/v7e-m+dp/hard/crtbegin.o
LOAD c:/program files/daisytoolchain/bin/../lib/gcc/arm-none-eabi/10.2.1/../../../../arm-none-eabi/lib/thumb/v7e-m+dp/hard/crt0.o
LOAD build/startup_stm32h750xx.o
LOAD build/phasor.o
LOAD ../../../libDaisy/build\libdaisy.a
LOAD c:/program files/daisytoolchain/bin/../lib/gcc/arm-none-eabi/10.2.1/../../../../arm-none-eabi/lib/thumb/v7e-m+dp/hard\libnosys.a
LOAD ../../../DaisySP/build\libdaisysp.a
LOAD c:/program files/daisytoolchain/bin/../lib/gcc/arm-none-eabi/10.2.1/../../../../arm-none-eabi/lib/thumb/v7e-m+dp/hard\libstdc++_nano.a
LOAD c:/program files/daisytoolchain/bin/../lib/gcc/arm-none-eabi/10.2.1/../../../../arm-none-eabi/lib/thumb/v7e-m+dp/hard\libm.a
LOAD c:/program files/daisytoolchain/bin/../lib/gcc/arm-none-eabi/10.2.1/../../../../arm-none-eabi/lib/thumb/v7e-m+dp/hard\libc_nano.a
START GROUP
LOAD c:/program files/daisytoolchain/bin/../lib/gcc/arm-none-eabi/10.2.1/thumb/v7e-m+dp/hard\libgcc.a
LOAD c:/program files/daisytoolchain/bin/../lib/gcc/arm-none-eabi/10.2.1/../../../../arm-none-eabi/lib/thumb/v7e-m+dp/hard\libc_nano.a
END GROUP
START GROUP
LOAD c:/program files/daisytoolchain/bin/../lib/gcc/arm-none-eabi/10.2.1/thumb/v7e-m+dp/hard\libgcc.a
LOAD c:/program files/daisytoolchain/bin/../lib/gcc/arm-none-eabi/10.2.1/../../../../arm-none-eabi/lib/thumb/v7e-m+dp/hard\libc_nano.a
LOAD c:/program files/daisytoolchain/bin/../lib/gcc/arm-none-eabi/10.2.1/../../../../arm-none-eabi/lib/thumb/v7e-m+dp/hard\libnosys.a
END GROUP
START GROUP
LOAD c:/program files/daisytoolchain/bin/../lib/gcc/arm-none-eabi/10.2.1/thumb/v7e-m+dp/hard\libgcc.a
LOAD c:/program files/daisytoolchain/bin/../lib/gcc/arm-none-eabi/10.2.1/../../../../arm-none-eabi/lib/thumb/v7e-m+dp/hard\libc_nano.a
LOAD c:/program files/daisytoolchain/bin/../lib/gcc/arm-none-eabi/10.2.1/../../../../arm-none-eabi/lib/thumb/v7e-m+dp/hard\libnosys.a
END GROUP
LOAD c:/program files/daisytoolchain/bin/../lib/gcc/arm-none-eabi/10.2.1/thumb/v7e-m+dp/hard/crtend.o
LOAD c:/program files/daisytoolchain/bin/../lib/gcc/arm-none-eabi/10.2.1/thumb/v7e-m+dp/hard/crtn.o
                0x20020000                _estack = 0x20020000

.isr_vector     0x08000000      0x298
                0x08000000                . = ALIGN (0x4)
 *(.isr_vector)
 .isr_vector    0x08000000      0x298 build/startup_stm32h750xx.o
                0x08000000                g_pfnVectors
                0x08000298                . = ALIGN (0x4)

.text           0x08000298     0xf554
                0x08000298                . = ALIGN (0x4)
                0x08000298                _stext = .
 *(.text)
 .text          0x08000298       0x40 c:/program files/daisytoolchain/bin/../lib/gcc/arm-none-eabi/10.2.1/thumb/v7e-m+dp/hard/crtbegin.o
 .text          0x080002d8       0x30 c:/program files/daisytoolchain/bin/../lib/gcc/arm-none-eabi/10.2.1/thumb/v7e-m+dp/hard\libgcc.a(_aeabi_uldivmod.o)
                0x080002d8                __aeabi_uldivmod
 .text          0x08000308      0x2d0 c:/program files/daisytoolchain/bin/../lib/gcc/arm-none-eabi/10.2.1/thumb/v7e-m+dp/hard\libgcc.a(_udivmoddi4.o)
                0x08000308                __udivmoddi4
 .text          0x080005d8        0x4 c:/program files/daisytoolchain/bin/../lib/gcc/arm-none-eabi/10.2.1/thumb/v7e-m+dp/hard\libgcc.a(_dvmd_tls.o)
                0x080005d8                __aeabi_idiv0
                0x080005d8                __aeabi_ldiv0
 *(.text*)
 .text.Default_Handler
                0x080005dc        0x4 build/startup_stm32h750xx.o
                0x080005dc                RTC_Alarm_IRQHandler
                0x080005dc                HASH_RNG_IRQHandler
                0x080005dc                EXTI2_IRQHandler
                0x080005dc                TIM8_CC_IRQHandler
                0x080005dc                HRTIM1_Master_IRQHandler
                0x080005dc                DebugMon_Handler
                0x080005dc                TIM1_CC_IRQHandler
                0x080005dc                BDMA_Channel6_IRQHandler
                0x080005dc                DMA2_Stream5_IRQHandler
                0x080005dc                HRTIM1_FLT_IRQHandler
                0x080005dc                JPEG_IRQHandler
                0x080005dc                BDMA_Channel1_IRQHandler
                0x080005dc                HRTIM1_TIMD_IRQHandler
                0x080005dc                TAMP_STAMP_IRQHandler
                0x080005dc                PendSV_Handler
                0x080005dc                NMI_Handler
                0x080005dc                EXTI3_IRQHandler
                0x080005dc                LPTIM4_IRQHandler
                0x080005dc                TIM8_TRG_COM_TIM14_IRQHandler
                0x080005dc                LPTIM2_IRQHandler
                0x080005dc                DFSDM1_FLT1_IRQHandler
                0x080005dc                DMAMUX2_OVR_IRQHandler
                0x080005dc                TIM8_UP_TIM13_IRQHandler
                0x080005dc                I2C3_ER_IRQHandler
                0x080005dc                DFSDM1_FLT2_IRQHandler
                0x080005dc                MDMA_IRQHandler
                0x080005dc                LPTIM3_IRQHandler
                0x080005dc                HSEM1_IRQHandler
                0x080005dc                EXTI0_IRQHandler
                0x080005dc                DMA1_Stream2_IRQHandler
                0x080005dc                FPU_IRQHandler
                0x080005dc                OTG_HS_WKUP_IRQHandler
                0x080005dc                FDCAN1_IT1_IRQHandler
                0x080005dc                UsageFault_Handler
                0x080005dc                LTDC_ER_IRQHandler
                0x080005dc                HRTIM1_TIME_IRQHandler
                0x080005dc                TIM6_DAC_IRQHandler
                0x080005dc                DCMI_IRQHandler
                0x080005dc                HRTIM1_TIMC_IRQHandler
                0x080005dc                SAI2_IRQHandler
                0x080005dc                DFSDM1_FLT3_IRQHandler
                0x080005dc                TIM17_IRQHandler
                0x080005dc                CRYP_IRQHandler
                0x080005dc                BDMA_Channel7_IRQHandler
                0x080005dc                LPTIM5_IRQHandler
                0x080005dc                ADC3_IRQHandler
                0x080005dc                DMA2_Stream0_IRQHandler
                0x080005dc                BDMA_Channel2_IRQHandler
                0x080005dc                DMAMUX1_OVR_IRQHandler
                0x080005dc                TIM16_IRQHandler
                0x080005dc                BDMA_Channel5_IRQHandler
                0x080005dc                RCC_IRQHandler
                0x080005dc                TIM8_BRK_TIM12_IRQHandler
                0x080005dc                TIM1_TRG_COM_IRQHandler
                0x080005dc                Default_Handler
                0x080005dc                ECC_IRQHandler
                0x080005dc                CEC_IRQHandler
                0x080005dc                EXTI15_10_IRQHandler
                0x080005dc                BDMA_Channel0_IRQHandler
                0x080005dc                ADC_IRQHandler
                0x080005dc                DMA1_Stream7_IRQHandler
                0x080005dc                HRTIM1_TIMA_IRQHandler
                0x080005dc                TIM7_IRQHandler
                0x080005dc                SDMMC1_IRQHandler
                0x080005dc                DMA2_Stream7_IRQHandler
                0x080005dc                TIM15_IRQHandler
                0x080005dc                PVD_AVD_IRQHandler
                0x080005dc                EXTI9_5_IRQHandler
                0x080005dc                RTC_WKUP_IRQHandler
                0x080005dc                LTDC_IRQHandler
                0x080005dc                SAI3_IRQHandler
                0x080005dc                ETH_WKUP_IRQHandler
                0x080005dc                SPDIF_RX_IRQHandler
                0x080005dc                MemManage_Handler
                0x080005dc                SVC_Handler
                0x080005dc                CRS_IRQHandler
                0x080005dc                EXTI4_IRQHandler
                0x080005dc                HRTIM1_TIMB_IRQHandler
                0x080005dc                FDCAN2_IT1_IRQHandler
                0x080005dc                ETH_IRQHandler
                0x080005dc                TIM1_UP_IRQHandler
                0x080005dc                BDMA_Channel4_IRQHandler
                0x080005dc                WWDG_IRQHandler
                0x080005dc                SPI6_IRQHandler
                0x080005dc                I2C4_EV_IRQHandler
                0x080005dc                MDIOS_IRQHandler
                0x080005dc                FDCAN2_IT0_IRQHandler
                0x080005dc                FDCAN1_IT0_IRQHandler
                0x080005dc                OTG_FS_WKUP_IRQHandler
                0x080005dc                DMA2D_IRQHandler
                0x080005dc                TIM1_BRK_IRQHandler
                0x080005dc                EXTI1_IRQHandler
                0x080005dc                SDMMC2_IRQHandler
                0x080005dc                OTG_FS_EP1_OUT_IRQHandler
                0x080005dc                BDMA_Channel3_IRQHandler
                0x080005dc                MDIOS_WKUP_IRQHandler
                0x080005dc                DFSDM1_FLT0_IRQHandler
                0x080005dc                SAI4_IRQHandler
                0x080005dc                I2C2_ER_IRQHandler
                0x080005dc                DMA2_Stream1_IRQHandler
                0x080005dc                FLASH_IRQHandler
                0x080005dc                BusFault_Handler
                0x080005dc                OTG_FS_IRQHandler
                0x080005dc                WAKEUP_PIN_IRQHandler
                0x080005dc                OTG_FS_EP1_IN_IRQHandler
                0x080005dc                I2C1_ER_IRQHandler
                0x080005dc                FMC_IRQHandler
                0x080005dc                FDCAN_CAL_IRQHandler
                0x080005dc                SWPMI1_IRQHandler
                0x080005dc                COMP1_IRQHandler
                0x080005dc                LPTIM1_IRQHandler
                0x080005dc                I2C4_ER_IRQHandler
                0x080005dc                DMA2_Stream6_IRQHandler
                0x080005dc                SAI1_IRQHandler
 .text.Reset_Handler
                0x080005e0       0x44 build/startup_stm32h750xx.o
                0x080005e0                Reset_Handler
 .text._ZN7daisysp6PhasorD2Ev
                0x08000624        0x4 build/phasor.o
                0x08000624                daisysp::Phasor::~Phasor()
                0x08000624                daisysp::Phasor::~Phasor()
 .text._ZN5daisy6SwitchD2Ev
                0x08000628        0x4 build/phasor.o
                0x08000628                daisy::Switch::~Switch()
                0x08000628                daisy::Switch::~Switch()
 .text._ZN5daisy9DaisySeedD2Ev
                0x0800062c        0x4 build/phasor.o
                0x0800062c                daisy::DaisySeed::~DaisySeed()
                0x0800062c                daisy::DaisySeed::~DaisySeed()
 .text._Z13AudioCallbackPKfPfj
                0x08000630       0x60 build/phasor.o
                0x08000630                AudioCallback(float const*, float*, unsigned int)
 .text.startup.main
                0x08000690       0xb4 build/phasor.o
                0x08000690                main
 .text.startup._GLOBAL__sub_I_button1On
                0x08000744       0x5c build/phasor.o
 .text._ZN5daisy9DaisySeed9ConfigureEv
                0x080007a0        0x4 ../../../libDaisy/build\libdaisy.a(daisy_seed.o)
                0x080007a0                daisy::DaisySeed::Configure()
 .text._ZN5daisy9DaisySeed6GetPinEh
                0x080007a4       0x2c ../../../libDaisy/build\libdaisy.a(daisy_seed.o)
                0x080007a4                daisy::DaisySeed::GetPin(unsigned char)
 .text._ZN5daisy9DaisySeed10StartAudioEPFvPKfPfjE
                0x080007d0        0x8 ../../../libDaisy/build\libdaisy.a(daisy_seed.o)
                0x080007d0                daisy::DaisySeed::StartAudio(void (*)(float const*, float*, unsigned int))
 .text._ZN5daisy9DaisySeed15AudioSampleRateEv
                0x080007d8        0x8 ../../../libDaisy/build\libdaisy.a(daisy_seed.o)
                0x080007d8                daisy::DaisySeed::AudioSampleRate()
 .text._ZN5daisy9DaisySeed17SetAudioBlockSizeEj
                0x080007e0       0x38 ../../../libDaisy/build\libdaisy.a(daisy_seed.o)
                0x080007e0                daisy::DaisySeed::SetAudioBlockSize(unsigned int)
 .text._ZN5daisy9DaisySeed14ConfigureAudioEv
                0x08000818       0xd0 ../../../libDaisy/build\libdaisy.a(daisy_seed.o)
                0x08000818                daisy::DaisySeed::ConfigureAudio()
 .text._ZN5daisy9DaisySeed4InitEb
                0x080008e8       0xf0 ../../../libDaisy/build\libdaisy.a(daisy_seed.o)
                0x080008e8                daisy::DaisySeed::Init(bool)
 .text._ZN5daisy6Ak45564InitE12dsy_gpio_pin
                0x080009d8       0x44 ../../../libDaisy/build\libdaisy.a(codec_ak4556.o)
                0x080009d8                daisy::Ak4556::Init(dsy_gpio_pin)
 .text._ZN5daisy6Wm873120WriteControlRegisterEht
                0x08000a1c       0x3c ../../../libDaisy/build\libdaisy.a(codec_wm8731.o)
                0x08000a1c                daisy::Wm8731::WriteControlRegister(unsigned char, unsigned short)
 .text._ZN5daisy6Wm87314InitERKNS0_6ConfigENS_9I2CHandleE
                0x08000a58      0x1bc ../../../libDaisy/build\libdaisy.a(codec_wm8731.o)
                0x08000a58                daisy::Wm8731::Init(daisy::Wm8731::Config const&, daisy::I2CHandle)
 .text._ZN11SdramHandle10DeviceInitEv
                0x08000c14       0x98 ../../../libDaisy/build\libdaisy.a(sdram.o)
                0x08000c14                SdramHandle::DeviceInit()
 .text._ZN11SdramHandle4InitEv
                0x08000cac       0x7c ../../../libDaisy/build\libdaisy.a(sdram.o)
                0x08000cac                SdramHandle::Init()
 .text.HAL_SDRAM_MspInit
                0x08000d28      0x1a8 ../../../libDaisy/build\libdaisy.a(sdram.o)
                0x08000d28                HAL_SDRAM_MspInit
 .text._ZN5daisy11AudioHandle4Impl16InternalCallbackEPlS2_j
                0x08000ed0      0xbbc ../../../libDaisy/build\libdaisy.a(audio.o)
                0x08000ed0                daisy::AudioHandle::Impl::InternalCallback(long*, long*, unsigned int)
 .text._ZN5daisy11AudioHandle4InitERKNS0_6ConfigENS_9SaiHandleE
                0x08001a8c       0x70 ../../../libDaisy/build\libdaisy.a(audio.o)
                0x08001a8c                daisy::AudioHandle::Init(daisy::AudioHandle::Config const&, daisy::SaiHandle)
 .text._ZNK5daisy11AudioHandle9GetConfigEv
                0x08001afc        0x8 ../../../libDaisy/build\libdaisy.a(audio.o)
                0x08001afc                daisy::AudioHandle::GetConfig() const
 .text._ZN5daisy11AudioHandle12SetBlockSizeEj
                0x08001b04       0x1c ../../../libDaisy/build\libdaisy.a(audio.o)
                0x08001b04                daisy::AudioHandle::SetBlockSize(unsigned int)
 .text._ZN5daisy11AudioHandle13GetSampleRateEv
                0x08001b20        0x8 ../../../libDaisy/build\libdaisy.a(audio.o)
                0x08001b20                daisy::AudioHandle::GetSampleRate()
 .text._ZN5daisy11AudioHandle5StartEPFvPKfPfjE
                0x08001b28       0x2c ../../../libDaisy/build\libdaisy.a(audio.o)
                0x08001b28                daisy::AudioHandle::Start(void (*)(float const*, float*, unsigned int))
 .text.startup._GLOBAL__sub_I__ZN5daisy11AudioHandle4Impl4InitENS0_6ConfigENS_9SaiHandleE
                0x08001b54       0x24 ../../../libDaisy/build\libdaisy.a(audio.o)
 .text._ZN5daisy6Switch4InitE12dsy_gpio_pinf
                0x08001b78       0x34 ../../../libDaisy/build\libdaisy.a(switch.o)
                0x08001b78                daisy::Switch::Init(dsy_gpio_pin, float)
 .text._ZN5daisy6Switch8DebounceEv
                0x08001bac       0x5c ../../../libDaisy/build\libdaisy.a(switch.o)
                0x08001bac                daisy::Switch::Debounce()
 .text._ZN5daisy4GPIO4InitENS_3PinENS0_4ModeENS0_4PullENS0_5SpeedE
                0x08001c08      0x1cc ../../../libDaisy/build\libdaisy.a(gpio.o)
                0x08001c08                daisy::GPIO::Init(daisy::Pin, daisy::GPIO::Mode, daisy::GPIO::Pull, daisy::GPIO::Speed)
 .text._ZN5daisy4GPIO5WriteEb
                0x08001dd4       0x14 ../../../libDaisy/build\libdaisy.a(gpio.o)
                0x08001dd4                daisy::GPIO::Write(bool)
 .text.dsy_gpio_init
                0x08001de8      0x1b8 ../../../libDaisy/build\libdaisy.a(gpio.o)
                0x08001de8                dsy_gpio_init
 .text.dsy_gpio_read
                0x08001fa0       0x1c ../../../libDaisy/build\libdaisy.a(gpio.o)
                0x08001fa0                dsy_gpio_read
 .text.dsy_gpio_write
                0x08001fbc       0x24 ../../../libDaisy/build\libdaisy.a(gpio.o)
                0x08001fbc                dsy_gpio_write
 .text._ZN5daisy9I2CHandle4Impl8InitPinsEv
                0x08001fe0       0x58 ../../../libDaisy/build\libdaisy.a(i2c.o)
                0x08001fe0                daisy::I2CHandle::Impl::InitPins()
 .text.HAL_I2C_MspInit
                0x08002038      0x1b4 ../../../libDaisy/build\libdaisy.a(i2c.o)
                0x08002038                HAL_I2C_MspInit
 .text.dsy_i2c_global_init
                0x080021ec       0x78 ../../../libDaisy/build\libdaisy.a(i2c.o)
                0x080021ec                dsy_i2c_global_init
 .text.DMA1_Stream6_IRQHandler
                0x08002264       0x34 ../../../libDaisy/build\libdaisy.a(i2c.o)
                0x08002264                DMA1_Stream6_IRQHandler
 .text.I2C1_EV_IRQHandler
                0x08002298        0xc ../../../libDaisy/build\libdaisy.a(i2c.o)
                0x08002298                I2C1_EV_IRQHandler
 .text.I2C2_EV_IRQHandler
                0x080022a4        0xc ../../../libDaisy/build\libdaisy.a(i2c.o)
                0x080022a4                I2C2_EV_IRQHandler
 .text.I2C3_EV_IRQHandler
                0x080022b0        0xc ../../../libDaisy/build\libdaisy.a(i2c.o)
                0x080022b0                I2C3_EV_IRQHandler
 .text._ZN5daisy9I2CHandle4InitERKNS0_6ConfigE
                0x080022bc      0x12c ../../../libDaisy/build\libdaisy.a(i2c.o)
                0x080022bc                daisy::I2CHandle::Init(daisy::I2CHandle::Config const&)
 .text._ZN5daisy9I2CHandle16TransmitBlockingEtPhtm
                0x080023e8       0x50 ../../../libDaisy/build\libdaisy.a(i2c.o)
                0x080023e8                daisy::I2CHandle::TransmitBlocking(unsigned short, unsigned char*, unsigned short, unsigned long)
 .text.startup._GLOBAL__sub_I__ZN5daisy9I2CHandle4Impl10GlobalInitEv
                0x08002438       0x18 ../../../libDaisy/build\libdaisy.a(i2c.o)
 .text._ZN5daisy10QSPIHandle4Impl11WriteEnableEv
                0x08002450       0x8c ../../../libDaisy/build\libdaisy.a(qspi.o)
                0x08002450                daisy::QSPIHandle::Impl::WriteEnable()
 *fill*         0x080024dc        0x4 
 .text._ZN5daisy10QSPIHandle4Impl17DummyCyclesConfigENS0_6Config6DeviceE
                0x080024e0      0x118 ../../../libDaisy/build\libdaisy.a(qspi.o)
                0x080024e0                daisy::QSPIHandle::Impl::DummyCyclesConfig(daisy::QSPIHandle::Config::Device)
 .text._ZN5daisy10QSPIHandle4Impl10QuadEnableEv
                0x080025f8      0x158 ../../../libDaisy/build\libdaisy.a(qspi.o)
                0x080025f8                daisy::QSPIHandle::Impl::QuadEnable()
 .text._ZN5daisy10QSPIHandle4InitERKNS0_6ConfigE
                0x08002750      0x198 ../../../libDaisy/build\libdaisy.a(qspi.o)
                0x08002750                daisy::QSPIHandle::Init(daisy::QSPIHandle::Config const&)
 .text.HAL_QSPI_MspInit
                0x080028e8      0x11c ../../../libDaisy/build\libdaisy.a(qspi.o)
                0x080028e8                HAL_QSPI_MspInit
 .text.HAL_QSPI_MspDeInit
                0x08002a04       0x54 ../../../libDaisy/build\libdaisy.a(qspi.o)
                0x08002a04                HAL_QSPI_MspDeInit
 .text.QUADSPI_IRQHandler
                0x08002a58        0xc ../../../libDaisy/build\libdaisy.a(qspi.o)
                0x08002a58                QUADSPI_IRQHandler
 .text.startup._GLOBAL__sub_I__ZN5daisy10QSPIHandle4Impl4InitERKNS0_6ConfigE
                0x08002a64       0x28 ../../../libDaisy/build\libdaisy.a(qspi.o)
 .text._ZN5daisy9SaiHandle4Impl7InitDmaENS1_15PeripheralBlockE
                0x08002a8c       0xa0 ../../../libDaisy/build\libdaisy.a(sai.o)
                0x08002a8c                daisy::SaiHandle::Impl::InitDma(daisy::SaiHandle::Impl::PeripheralBlock)
 .text._ZN5daisy9SaiHandle4Impl8InitPinsEv
                0x08002b2c       0xa8 ../../../libDaisy/build\libdaisy.a(sai.o)
                0x08002b2c                daisy::SaiHandle::Impl::InitPins()
 .text.HAL_SAI_MspInit
                0x08002bd4      0x164 ../../../libDaisy/build\libdaisy.a(sai.o)
                0x08002bd4                HAL_SAI_MspInit
 .text.DMA1_Stream0_IRQHandler
                0x08002d38        0xc ../../../libDaisy/build\libdaisy.a(sai.o)
                0x08002d38                DMA1_Stream0_IRQHandler
 .text.DMA1_Stream1_IRQHandler
                0x08002d44        0xc ../../../libDaisy/build\libdaisy.a(sai.o)
                0x08002d44                DMA1_Stream1_IRQHandler
 .text.DMA1_Stream3_IRQHandler
                0x08002d50        0xc ../../../libDaisy/build\libdaisy.a(sai.o)
                0x08002d50                DMA1_Stream3_IRQHandler
 .text.DMA1_Stream4_IRQHandler
                0x08002d5c        0xc ../../../libDaisy/build\libdaisy.a(sai.o)
                0x08002d5c                DMA1_Stream4_IRQHandler
 .text.HAL_SAI_RxHalfCpltCallback
                0x08002d68       0x78 ../../../libDaisy/build\libdaisy.a(sai.o)
                0x08002d68                HAL_SAI_RxHalfCpltCallback
 .text.HAL_SAI_RxCpltCallback
                0x08002de0       0x70 ../../../libDaisy/build\libdaisy.a(sai.o)
                0x08002de0                HAL_SAI_RxCpltCallback
 .text._ZN5daisy9SaiHandle4InitERKNS0_6ConfigE
                0x08002e50      0x1f0 ../../../libDaisy/build\libdaisy.a(sai.o)
                0x08002e50                daisy::SaiHandle::Init(daisy::SaiHandle::Config const&)
 .text._ZNK5daisy9SaiHandle9GetConfigEv
                0x08003040        0x4 ../../../libDaisy/build\libdaisy.a(sai.o)
                0x08003040                daisy::SaiHandle::GetConfig() const
 .text._ZN5daisy9SaiHandle8StartDmaEPlS1_jPFvS1_S1_jE
                0x08003044       0xbc ../../../libDaisy/build\libdaisy.a(sai.o)
                0x08003044                daisy::SaiHandle::StartDma(long*, long*, unsigned int, void (*)(long*, long*, unsigned int))
 .text._ZN5daisy9SaiHandle13GetSampleRateEv
                0x08003100       0x24 ../../../libDaisy/build\libdaisy.a(sai.o)
                0x08003100                daisy::SaiHandle::GetSampleRate()
 .text._ZNK5daisy9SaiHandle9GetOffsetEv
                0x08003124        0x8 ../../../libDaisy/build\libdaisy.a(sai.o)
                0x08003124                daisy::SaiHandle::GetOffset() const
 .text._ZN5daisy11TimerHandleD2Ev
                0x0800312c        0x4 ../../../libDaisy/build\libdaisy.a(system.o)
                0x0800312c                daisy::TimerHandle::~TimerHandle()
                0x0800312c                daisy::TimerHandle::~TimerHandle()
 .text.SysTick_Handler
                0x08003130       0x10 ../../../libDaisy/build\libdaisy.a(system.o)
                0x08003130                SysTick_Handler
 .text.OTG_HS_EP1_OUT_IRQHandler
                0x08003140       0x24 ../../../libDaisy/build\libdaisy.a(system.o)
                0x08003140                OTG_HS_EP1_OUT_IRQHandler
 .text.OTG_HS_EP1_IN_IRQHandler
                0x08003164       0x24 ../../../libDaisy/build\libdaisy.a(system.o)
                0x08003164                OTG_HS_EP1_IN_IRQHandler
 .text.OTG_HS_IRQHandler
                0x08003188       0x24 ../../../libDaisy/build\libdaisy.a(system.o)
                0x08003188                OTG_HS_IRQHandler
 .text.HardFault_Handler
                0x080031ac       0xe0 ../../../libDaisy/build\libdaisy.a(system.o)
                0x080031ac                HardFault_Handler
 .text._ZN5daisy6System6GetNowEv
                0x0800328c        0x4 ../../../libDaisy/build\libdaisy.a(system.o)
                0x0800328c                daisy::System::GetNow()
 .text._ZN5daisy6System5DelayEm
                0x08003290        0x4 ../../../libDaisy/build\libdaisy.a(system.o)
                0x08003290                daisy::System::Delay(unsigned long)
 .text._ZN5daisy6System15ConfigureClocksEv
                0x08003294      0x194 ../../../libDaisy/build\libdaisy.a(system.o)
                0x08003294                daisy::System::ConfigureClocks()
 .text._ZN5daisy6System4InitERKNS0_6ConfigE
                0x08003428      0x140 ../../../libDaisy/build\libdaisy.a(system.o)
                0x08003428                daisy::System::Init(daisy::System::Config const&)
 .text._ZN5daisy6System12GetPClk1FreqEv
                0x08003568        0x4 ../../../libDaisy/build\libdaisy.a(system.o)
                0x08003568                daisy::System::GetPClk1Freq()
 .text._ZN5daisy6System22GetProgramMemoryRegionEv
                0x0800356c       0x78 ../../../libDaisy/build\libdaisy.a(system.o)
                0x0800356c                daisy::System::GetProgramMemoryRegion()
 .text.startup._GLOBAL__sub_I_SysTick_Handler
                0x080035e4       0x1c ../../../libDaisy/build\libdaisy.a(system.o)
 .text.SystemInit
                0x08003600       0x9c ../../../libDaisy/build\libdaisy.a(system_stm32h7xx.o)
                0x08003600                SystemInit
 .text.HAL_PCD_SetupStageCallback
                0x0800369c        0xc ../../../libDaisy/build\libdaisy.a(usbd_conf.o)
                0x0800369c                HAL_PCD_SetupStageCallback
 .text.HAL_PCD_DataOutStageCallback
                0x080036a8       0x14 ../../../libDaisy/build\libdaisy.a(usbd_conf.o)
                0x080036a8                HAL_PCD_DataOutStageCallback
 .text.HAL_PCD_DataInStageCallback
                0x080036bc       0x14 ../../../libDaisy/build\libdaisy.a(usbd_conf.o)
                0x080036bc                HAL_PCD_DataInStageCallback
 .text.HAL_PCD_SOFCallback
                0x080036d0        0x8 ../../../libDaisy/build\libdaisy.a(usbd_conf.o)
                0x080036d0                HAL_PCD_SOFCallback
 .text.HAL_PCD_ResetCallback
                0x080036d8       0x24 ../../../libDaisy/build\libdaisy.a(usbd_conf.o)
                0x080036d8                HAL_PCD_ResetCallback
 .text.HAL_PCD_SuspendCallback
                0x080036fc       0x30 ../../../libDaisy/build\libdaisy.a(usbd_conf.o)
                0x080036fc                HAL_PCD_SuspendCallback
 .text.HAL_PCD_ResumeCallback
                0x0800372c        0x8 ../../../libDaisy/build\libdaisy.a(usbd_conf.o)
                0x0800372c                HAL_PCD_ResumeCallback
 .text.HAL_PCD_ISOOUTIncompleteCallback
                0x08003734        0x8 ../../../libDaisy/build\libdaisy.a(usbd_conf.o)
                0x08003734                HAL_PCD_ISOOUTIncompleteCallback
 .text.HAL_PCD_ISOINIncompleteCallback
                0x0800373c        0x8 ../../../libDaisy/build\libdaisy.a(usbd_conf.o)
                0x0800373c                HAL_PCD_ISOINIncompleteCallback
 .text.HAL_PCD_ConnectCallback
                0x08003744        0x8 ../../../libDaisy/build\libdaisy.a(usbd_conf.o)
                0x08003744                HAL_PCD_ConnectCallback
 .text.HAL_PCD_DisconnectCallback
                0x0800374c        0x8 ../../../libDaisy/build\libdaisy.a(usbd_conf.o)
                0x0800374c                HAL_PCD_DisconnectCallback
 .text.USBD_LL_OpenEP
                0x08003754       0x24 ../../../libDaisy/build\libdaisy.a(usbd_conf.o)
                0x08003754                USBD_LL_OpenEP
 .text.USBD_LL_StallEP
                0x08003778       0x1c ../../../libDaisy/build\libdaisy.a(usbd_conf.o)
                0x08003778                USBD_LL_StallEP
 .text.USBD_LL_ClearStallEP
                0x08003794       0x1c ../../../libDaisy/build\libdaisy.a(usbd_conf.o)
                0x08003794                USBD_LL_ClearStallEP
 .text.USBD_LL_IsStallEP
                0x080037b0       0x28 ../../../libDaisy/build\libdaisy.a(usbd_conf.o)
                0x080037b0                USBD_LL_IsStallEP
 .text.USBD_LL_SetUSBAddress
                0x080037d8       0x1c ../../../libDaisy/build\libdaisy.a(usbd_conf.o)
                0x080037d8                USBD_LL_SetUSBAddress
 .text.USBD_LL_Transmit
                0x080037f4       0x1c ../../../libDaisy/build\libdaisy.a(usbd_conf.o)
                0x080037f4                USBD_LL_Transmit
 .text.USBD_LL_PrepareReceive
                0x08003810       0x1c ../../../libDaisy/build\libdaisy.a(usbd_conf.o)
                0x08003810                USBD_LL_PrepareReceive
 .text.HAL_HCD_SOF_Callback
                0x0800382c        0x8 ../../../libDaisy/build\libdaisy.a(usbh_conf.o)
                0x0800382c                HAL_HCD_SOF_Callback
 .text.HAL_HCD_Connect_Callback
                0x08003834        0x8 ../../../libDaisy/build\libdaisy.a(usbh_conf.o)
                0x08003834                HAL_HCD_Connect_Callback
 .text.HAL_HCD_Disconnect_Callback
                0x0800383c        0x8 ../../../libDaisy/build\libdaisy.a(usbh_conf.o)
                0x0800383c                HAL_HCD_Disconnect_Callback
 .text.HAL_HCD_HC_NotifyURBChange_Callback
                0x08003844        0x4 ../../../libDaisy/build\libdaisy.a(usbh_conf.o)
                0x08003844                HAL_HCD_HC_NotifyURBChange_Callback
 .text.HAL_HCD_PortEnabled_Callback
                0x08003848        0x8 ../../../libDaisy/build\libdaisy.a(usbh_conf.o)
                0x08003848                HAL_HCD_PortEnabled_Callback
 .text.HAL_HCD_PortDisabled_Callback
                0x08003850        0x8 ../../../libDaisy/build\libdaisy.a(usbh_conf.o)
                0x08003850                HAL_HCD_PortDisabled_Callback
 .text.USBH_LL_Stop
                0x08003858       0x1c ../../../libDaisy/build\libdaisy.a(usbh_conf.o)
                0x08003858                USBH_LL_Stop
 .text.dsy_hal_map_get_port
                0x08003874       0x10 ../../../libDaisy/build\libdaisy.a(hal_map.o)
                0x08003874                dsy_hal_map_get_port
 .text.dsy_hal_map_get_pin
                0x08003884       0x10 ../../../libDaisy/build\libdaisy.a(hal_map.o)
                0x08003884                dsy_hal_map_get_pin
 .text.dsy_hal_map_gpio_clk_enable
                0x08003894      0x150 ../../../libDaisy/build\libdaisy.a(hal_map.o)
                0x08003894                dsy_hal_map_gpio_clk_enable
 .text.HAL_MspInit
                0x080039e4        0x4 ../../../libDaisy/build\libdaisy.a(stm32h7xx_hal.o)
                0x080039e4                HAL_MspInit
 .text.HAL_InitTick
                0x080039e8       0x4c ../../../libDaisy/build\libdaisy.a(stm32h7xx_hal.o)
                0x080039e8                HAL_InitTick
 .text.HAL_Init
                0x08003a34       0x60 ../../../libDaisy/build\libdaisy.a(stm32h7xx_hal.o)
                0x08003a34                HAL_Init
 .text.HAL_IncTick
                0x08003a94       0x18 ../../../libDaisy/build\libdaisy.a(stm32h7xx_hal.o)
                0x08003a94                HAL_IncTick
 .text.HAL_GetTick
                0x08003aac        0xc ../../../libDaisy/build\libdaisy.a(stm32h7xx_hal.o)
                0x08003aac                HAL_GetTick
 .text.HAL_Delay
                0x08003ab8       0x24 ../../../libDaisy/build\libdaisy.a(stm32h7xx_hal.o)
                0x08003ab8                HAL_Delay
 .text.HAL_GetREVID
                0x08003adc        0xc ../../../libDaisy/build\libdaisy.a(stm32h7xx_hal.o)
                0x08003adc                HAL_GetREVID
 .text.HAL_NVIC_SetPriorityGrouping
                0x08003ae8       0x24 ../../../libDaisy/build\libdaisy.a(stm32h7xx_hal_cortex.o)
                0x08003ae8                HAL_NVIC_SetPriorityGrouping
 .text.HAL_NVIC_SetPriority
                0x08003b0c       0x7c ../../../libDaisy/build\libdaisy.a(stm32h7xx_hal_cortex.o)
                0x08003b0c                HAL_NVIC_SetPriority
 .text.HAL_NVIC_EnableIRQ
                0x08003b88       0x1c ../../../libDaisy/build\libdaisy.a(stm32h7xx_hal_cortex.o)
                0x08003b88                HAL_NVIC_EnableIRQ
 .text.HAL_NVIC_DisableIRQ
                0x08003ba4       0x28 ../../../libDaisy/build\libdaisy.a(stm32h7xx_hal_cortex.o)
                0x08003ba4                HAL_NVIC_DisableIRQ
 .text.HAL_SYSTICK_Config
                0x08003bcc       0x2c ../../../libDaisy/build\libdaisy.a(stm32h7xx_hal_cortex.o)
                0x08003bcc                HAL_SYSTICK_Config
 .text.HAL_MPU_Disable
                0x08003bf8       0x1c ../../../libDaisy/build\libdaisy.a(stm32h7xx_hal_cortex.o)
                0x08003bf8                HAL_MPU_Disable
 .text.HAL_MPU_Enable
                0x08003c14       0x20 ../../../libDaisy/build\libdaisy.a(stm32h7xx_hal_cortex.o)
                0x08003c14                HAL_MPU_Enable
 .text.HAL_MPU_ConfigRegion
                0x08003c34       0x64 ../../../libDaisy/build\libdaisy.a(stm32h7xx_hal_cortex.o)
                0x08003c34                HAL_MPU_ConfigRegion
 .text.HAL_SYSTICK_Callback
                0x08003c98        0x4 ../../../libDaisy/build\libdaisy.a(stm32h7xx_hal_cortex.o)
                0x08003c98                HAL_SYSTICK_Callback
 .text.HAL_SYSTICK_IRQHandler
                0x08003c9c        0x8 ../../../libDaisy/build\libdaisy.a(stm32h7xx_hal_cortex.o)
                0x08003c9c                HAL_SYSTICK_IRQHandler
 .text.DMA_CalcBaseAndBitshift
                0x08003ca4       0xf4 ../../../libDaisy/build\libdaisy.a(stm32h7xx_hal_dma.o)
 .text.DMA_CalcDMAMUXChannelBaseAndMask
                0x08003d98       0xd8 ../../../libDaisy/build\libdaisy.a(stm32h7xx_hal_dma.o)
 .text.HAL_DMA_Init
                0x08003e70      0x37c ../../../libDaisy/build\libdaisy.a(stm32h7xx_hal_dma.o)
                0x08003e70                HAL_DMA_Init
 .text.HAL_DMA_Start_IT
                0x080041ec      0x240 ../../../libDaisy/build\libdaisy.a(stm32h7xx_hal_dma.o)
                0x080041ec                HAL_DMA_Start_IT
 .text.HAL_DMA_Abort_IT
                0x0800442c      0x134 ../../../libDaisy/build\libdaisy.a(stm32h7xx_hal_dma.o)
                0x0800442c                HAL_DMA_Abort_IT
 .text.HAL_DMA_IRQHandler
                0x08004560      0x6a0 ../../../libDaisy/build\libdaisy.a(stm32h7xx_hal_dma.o)
                0x08004560                HAL_DMA_IRQHandler
 .text.HAL_DMA_GetError
                0x08004c00        0x4 ../../../libDaisy/build\libdaisy.a(stm32h7xx_hal_dma.o)
                0x08004c00                HAL_DMA_GetError
 .text.HAL_GPIO_Init
                0x08004c04      0x280 ../../../libDaisy/build\libdaisy.a(stm32h7xx_hal_gpio.o)
                0x08004c04                HAL_GPIO_Init
 .text.HAL_GPIO_DeInit
                0x08004e84      0x190 ../../../libDaisy/build\libdaisy.a(stm32h7xx_hal_gpio.o)
                0x08004e84                HAL_GPIO_DeInit
 .text.HAL_GPIO_ReadPin
                0x08005014        0xc ../../../libDaisy/build\libdaisy.a(stm32h7xx_hal_gpio.o)
                0x08005014                HAL_GPIO_ReadPin
 .text.HAL_GPIO_WritePin
                0x08005020        0x8 ../../../libDaisy/build\libdaisy.a(stm32h7xx_hal_gpio.o)
                0x08005020                HAL_GPIO_WritePin
 .text.HAL_HCD_IRQHandler
                0x08005028      0x780 ../../../libDaisy/build\libdaisy.a(stm32h7xx_hal_hcd.o)
                0x08005028                HAL_HCD_IRQHandler
 .text.HAL_HCD_Stop
                0x080057a8       0x28 ../../../libDaisy/build\libdaisy.a(stm32h7xx_hal_hcd.o)
                0x080057a8                HAL_HCD_Stop
 .text.I2C_WaitOnTXISFlagUntilTimeout
                0x080057d0       0xb8 ../../../libDaisy/build\libdaisy.a(stm32h7xx_hal_i2c.o)
 .text.I2C_WaitOnSTOPFlagUntilTimeout
                0x08005888       0xac ../../../libDaisy/build\libdaisy.a(stm32h7xx_hal_i2c.o)
 .text.HAL_I2C_Init
                0x08005934       0xac ../../../libDaisy/build\libdaisy.a(stm32h7xx_hal_i2c.o)
                0x08005934                HAL_I2C_Init
 .text.HAL_I2C_Master_Transmit
                0x080059e0      0x1a8 ../../../libDaisy/build\libdaisy.a(stm32h7xx_hal_i2c.o)
                0x080059e0                HAL_I2C_Master_Transmit
 .text.HAL_I2C_Slave_Transmit
                0x08005b88      0x1c8 ../../../libDaisy/build\libdaisy.a(stm32h7xx_hal_i2c.o)
                0x08005b88                HAL_I2C_Slave_Transmit
 .text.HAL_I2C_EV_IRQHandler
                0x08005d50       0x10 ../../../libDaisy/build\libdaisy.a(stm32h7xx_hal_i2c.o)
                0x08005d50                HAL_I2C_EV_IRQHandler
 .text.HAL_I2C_GetState
                0x08005d60        0x8 ../../../libDaisy/build\libdaisy.a(stm32h7xx_hal_i2c.o)
                0x08005d60                HAL_I2C_GetState
 .text.HAL_I2CEx_ConfigAnalogFilter
                0x08005d68       0x54 ../../../libDaisy/build\libdaisy.a(stm32h7xx_hal_i2c_ex.o)
                0x08005d68                HAL_I2CEx_ConfigAnalogFilter
 .text.HAL_I2CEx_ConfigDigitalFilter
                0x08005dbc       0x58 ../../../libDaisy/build\libdaisy.a(stm32h7xx_hal_i2c_ex.o)
                0x08005dbc                HAL_I2CEx_ConfigDigitalFilter
 .text.HAL_PCD_IRQHandler
                0x08005e14      0x69c ../../../libDaisy/build\libdaisy.a(stm32h7xx_hal_pcd.o)
                0x08005e14                HAL_PCD_IRQHandler
 .text.HAL_PCD_SetAddress
                0x080064b0       0x2c ../../../libDaisy/build\libdaisy.a(stm32h7xx_hal_pcd.o)
                0x080064b0                HAL_PCD_SetAddress
 .text.HAL_PCD_EP_Open
                0x080064dc       0x7c ../../../libDaisy/build\libdaisy.a(stm32h7xx_hal_pcd.o)
                0x080064dc                HAL_PCD_EP_Open
 .text.HAL_PCD_EP_Receive
                0x08006558       0x50 ../../../libDaisy/build\libdaisy.a(stm32h7xx_hal_pcd.o)
                0x08006558                HAL_PCD_EP_Receive
 .text.HAL_PCD_EP_Transmit
                0x080065a8       0x50 ../../../libDaisy/build\libdaisy.a(stm32h7xx_hal_pcd.o)
                0x080065a8                HAL_PCD_EP_Transmit
 .text.HAL_PCD_EP_SetStall
                0x080065f8       0x88 ../../../libDaisy/build\libdaisy.a(stm32h7xx_hal_pcd.o)
                0x080065f8                HAL_PCD_EP_SetStall
 .text.HAL_PCD_EP_ClrStall
                0x08006680       0x78 ../../../libDaisy/build\libdaisy.a(stm32h7xx_hal_pcd.o)
                0x08006680                HAL_PCD_EP_ClrStall
 .text.HAL_PCDEx_LPM_Callback
                0x080066f8        0x4 ../../../libDaisy/build\libdaisy.a(stm32h7xx_hal_pcd_ex.o)
                0x080066f8                HAL_PCDEx_LPM_Callback
 .text.HAL_PWREx_ConfigSupply
                0x080066fc       0x4c ../../../libDaisy/build\libdaisy.a(stm32h7xx_hal_pwr_ex.o)
                0x080066fc                HAL_PWREx_ConfigSupply
 .text.HAL_PWREx_EnableUSBVoltageDetector
                0x08006748       0x10 ../../../libDaisy/build\libdaisy.a(stm32h7xx_hal_pwr_ex.o)
                0x08006748                HAL_PWREx_EnableUSBVoltageDetector
 .text.QSPI_Config
                0x08006758      0x174 ../../../libDaisy/build\libdaisy.a(stm32h7xx_hal_qspi.o)
 .text.HAL_QSPI_Init
                0x080068cc       0xd8 ../../../libDaisy/build\libdaisy.a(stm32h7xx_hal_qspi.o)
                0x080068cc                HAL_QSPI_Init
 .text.HAL_QSPI_DeInit
                0x080069a4       0x3c ../../../libDaisy/build\libdaisy.a(stm32h7xx_hal_qspi.o)
                0x080069a4                HAL_QSPI_DeInit
 .text.HAL_QSPI_Command
                0x080069e0       0xd4 ../../../libDaisy/build\libdaisy.a(stm32h7xx_hal_qspi.o)
                0x080069e0                HAL_QSPI_Command
 .text.HAL_QSPI_Transmit
                0x08006ab4       0xfc ../../../libDaisy/build\libdaisy.a(stm32h7xx_hal_qspi.o)
                0x08006ab4                HAL_QSPI_Transmit
 .text.HAL_QSPI_Receive
                0x08006bb0      0x108 ../../../libDaisy/build\libdaisy.a(stm32h7xx_hal_qspi.o)
                0x08006bb0                HAL_QSPI_Receive
 .text.HAL_QSPI_AutoPolling
                0x08006cb8       0xf0 ../../../libDaisy/build\libdaisy.a(stm32h7xx_hal_qspi.o)
                0x08006cb8                HAL_QSPI_AutoPolling
 .text.HAL_QSPI_MemoryMapped
                0x08006da8       0xc0 ../../../libDaisy/build\libdaisy.a(stm32h7xx_hal_qspi.o)
                0x08006da8                HAL_QSPI_MemoryMapped
 .text.HAL_QSPI_ErrorCallback
                0x08006e68        0x4 ../../../libDaisy/build\libdaisy.a(stm32h7xx_hal_qspi.o)
                0x08006e68                HAL_QSPI_ErrorCallback
 .text.QSPI_DMAAbortCplt
                0x08006e6c       0x38 ../../../libDaisy/build\libdaisy.a(stm32h7xx_hal_qspi.o)
 .text.HAL_QSPI_AbortCpltCallback
                0x08006ea4        0x4 ../../../libDaisy/build\libdaisy.a(stm32h7xx_hal_qspi.o)
                0x08006ea4                HAL_QSPI_AbortCpltCallback
 .text.HAL_QSPI_CmdCpltCallback
                0x08006ea8        0x4 ../../../libDaisy/build\libdaisy.a(stm32h7xx_hal_qspi.o)
                0x08006ea8                HAL_QSPI_CmdCpltCallback
 .text.HAL_QSPI_RxCpltCallback
                0x08006eac        0x4 ../../../libDaisy/build\libdaisy.a(stm32h7xx_hal_qspi.o)
                0x08006eac                HAL_QSPI_RxCpltCallback
 .text.HAL_QSPI_TxCpltCallback
                0x08006eb0        0x4 ../../../libDaisy/build\libdaisy.a(stm32h7xx_hal_qspi.o)
                0x08006eb0                HAL_QSPI_TxCpltCallback
 .text.HAL_QSPI_FifoThresholdCallback
                0x08006eb4        0x4 ../../../libDaisy/build\libdaisy.a(stm32h7xx_hal_qspi.o)
                0x08006eb4                HAL_QSPI_FifoThresholdCallback
 .text.HAL_QSPI_StatusMatchCallback
                0x08006eb8        0x4 ../../../libDaisy/build\libdaisy.a(stm32h7xx_hal_qspi.o)
                0x08006eb8                HAL_QSPI_StatusMatchCallback
 .text.HAL_QSPI_TimeOutCallback
                0x08006ebc        0x4 ../../../libDaisy/build\libdaisy.a(stm32h7xx_hal_qspi.o)
                0x08006ebc                HAL_QSPI_TimeOutCallback
 .text.HAL_QSPI_IRQHandler
                0x08006ec0      0x210 ../../../libDaisy/build\libdaisy.a(stm32h7xx_hal_qspi.o)
                0x08006ec0                HAL_QSPI_IRQHandler
 .text.HAL_RCC_OscConfig
                0x080070d0      0x51c ../../../libDaisy/build\libdaisy.a(stm32h7xx_hal_rcc.o)
                0x080070d0                HAL_RCC_OscConfig
 .text.HAL_RCC_GetSysClockFreq
                0x080075ec      0x140 ../../../libDaisy/build\libdaisy.a(stm32h7xx_hal_rcc.o)
                0x080075ec                HAL_RCC_GetSysClockFreq
 .text.HAL_RCC_ClockConfig
                0x0800772c      0x234 ../../../libDaisy/build\libdaisy.a(stm32h7xx_hal_rcc.o)
                0x0800772c                HAL_RCC_ClockConfig
 .text.HAL_RCC_GetHCLKFreq
                0x08007960       0x2c ../../../libDaisy/build\libdaisy.a(stm32h7xx_hal_rcc.o)
                0x08007960                HAL_RCC_GetHCLKFreq
 .text.HAL_RCC_GetPCLK1Freq
                0x0800798c       0x38 ../../../libDaisy/build\libdaisy.a(stm32h7xx_hal_rcc.o)
                0x0800798c                HAL_RCC_GetPCLK1Freq
 .text.HAL_RCC_GetPCLK2Freq
                0x080079c4       0x38 ../../../libDaisy/build\libdaisy.a(stm32h7xx_hal_rcc.o)
                0x080079c4                HAL_RCC_GetPCLK2Freq
 .text.RCCEx_PLL2_Config
                0x080079fc       0xf4 ../../../libDaisy/build\libdaisy.a(stm32h7xx_hal_rcc_ex.o)
 .text.RCCEx_PLL3_Config
                0x08007af0       0xf4 ../../../libDaisy/build\libdaisy.a(stm32h7xx_hal_rcc_ex.o)
 .text.HAL_RCCEx_PeriphCLKConfig
                0x08007be4      0xa7c ../../../libDaisy/build\libdaisy.a(stm32h7xx_hal_rcc_ex.o)
                0x08007be4                HAL_RCCEx_PeriphCLKConfig
 .text.HAL_RCCEx_GetD3PCLK1Freq
                0x08008660       0x24 ../../../libDaisy/build\libdaisy.a(stm32h7xx_hal_rcc_ex.o)
                0x08008660                HAL_RCCEx_GetD3PCLK1Freq
 .text.HAL_RCCEx_GetPLL2ClockFreq
                0x08008684      0x17c ../../../libDaisy/build\libdaisy.a(stm32h7xx_hal_rcc_ex.o)
                0x08008684                HAL_RCCEx_GetPLL2ClockFreq
 .text.HAL_RCCEx_GetPLL3ClockFreq
                0x08008800      0x17c ../../../libDaisy/build\libdaisy.a(stm32h7xx_hal_rcc_ex.o)
                0x08008800                HAL_RCCEx_GetPLL3ClockFreq
 .text.HAL_RCCEx_GetPLL1ClockFreq
                0x0800897c      0x17c ../../../libDaisy/build\libdaisy.a(stm32h7xx_hal_rcc_ex.o)
                0x0800897c                HAL_RCCEx_GetPLL1ClockFreq
 .text.HAL_RCCEx_GetPeriphCLKFreq
                0x08008af8      0x198 ../../../libDaisy/build\libdaisy.a(stm32h7xx_hal_rcc_ex.o)
                0x08008af8                HAL_RCCEx_GetPeriphCLKFreq
 .text.HAL_RCCEx_GetD1SysClockFreq
                0x08008c90       0x2c ../../../libDaisy/build\libdaisy.a(stm32h7xx_hal_rcc_ex.o)
                0x08008c90                HAL_RCCEx_GetD1SysClockFreq
 .text.HAL_SAI_Init.part.0
                0x08008cbc      0x348 ../../../libDaisy/build\libdaisy.a(stm32h7xx_hal_sai.o)
 .text.HAL_SAI_InitProtocol
                0x08009004      0x178 ../../../libDaisy/build\libdaisy.a(stm32h7xx_hal_sai.o)
                0x08009004                HAL_SAI_InitProtocol
 .text.HAL_SAI_Transmit_DMA
                0x0800917c      0x124 ../../../libDaisy/build\libdaisy.a(stm32h7xx_hal_sai.o)
                0x0800917c                HAL_SAI_Transmit_DMA
 .text.HAL_SAI_Receive_DMA
                0x080092a0       0xd0 ../../../libDaisy/build\libdaisy.a(stm32h7xx_hal_sai.o)
                0x080092a0                HAL_SAI_Receive_DMA
 .text.HAL_SAI_TxCpltCallback
                0x08009370        0x4 ../../../libDaisy/build\libdaisy.a(stm32h7xx_hal_sai.o)
                0x08009370                HAL_SAI_TxCpltCallback
 .text.SAI_DMATxCplt
                0x08009374       0x64 ../../../libDaisy/build\libdaisy.a(stm32h7xx_hal_sai.o)
 .text.HAL_SAI_TxHalfCpltCallback
                0x080093d8        0x4 ../../../libDaisy/build\libdaisy.a(stm32h7xx_hal_sai.o)
                0x080093d8                HAL_SAI_TxHalfCpltCallback
 .text.SAI_DMATxHalfCplt
                0x080093dc        0xc ../../../libDaisy/build\libdaisy.a(stm32h7xx_hal_sai.o)
 .text.SAI_DMARxCplt
                0x080093e8       0x64 ../../../libDaisy/build\libdaisy.a(stm32h7xx_hal_sai.o)
 .text.SAI_DMARxHalfCplt
                0x0800944c        0xc ../../../libDaisy/build\libdaisy.a(stm32h7xx_hal_sai.o)
 .text.HAL_SAI_ErrorCallback
                0x08009458        0x4 ../../../libDaisy/build\libdaisy.a(stm32h7xx_hal_sai.o)
                0x08009458                HAL_SAI_ErrorCallback
 .text.SAI_DMAError
                0x0800945c       0x6c ../../../libDaisy/build\libdaisy.a(stm32h7xx_hal_sai.o)
 .text.HAL_SDRAM_Init
                0x080094c8       0x54 ../../../libDaisy/build\libdaisy.a(stm32h7xx_hal_sdram.o)
                0x080094c8                HAL_SDRAM_Init
 .text.HAL_SDRAM_SendCommand
                0x0800951c       0x40 ../../../libDaisy/build\libdaisy.a(stm32h7xx_hal_sdram.o)
                0x0800951c                HAL_SDRAM_SendCommand
 .text.HAL_SDRAM_ProgramRefreshRate
                0x0800955c       0x30 ../../../libDaisy/build\libdaisy.a(stm32h7xx_hal_sdram.o)
                0x0800955c                HAL_SDRAM_ProgramRefreshRate
 .text.FMC_SDRAM_Init
                0x0800958c       0x7c ../../../libDaisy/build\libdaisy.a(stm32h7xx_ll_fmc.o)
                0x0800958c                FMC_SDRAM_Init
 .text.FMC_SDRAM_Timing_Init
                0x08009608       0x98 ../../../libDaisy/build\libdaisy.a(stm32h7xx_ll_fmc.o)
                0x08009608                FMC_SDRAM_Timing_Init
 .text.FMC_SDRAM_SendCommand
                0x080096a0       0x28 ../../../libDaisy/build\libdaisy.a(stm32h7xx_ll_fmc.o)
                0x080096a0                FMC_SDRAM_SendCommand
 .text.FMC_SDRAM_ProgramRefreshRate
                0x080096c8       0x1c ../../../libDaisy/build\libdaisy.a(stm32h7xx_ll_fmc.o)
                0x080096c8                FMC_SDRAM_ProgramRefreshRate
 .text.USB_SetTurnaroundTime
                0x080096e4      0x104 ../../../libDaisy/build\libdaisy.a(stm32h7xx_ll_usb.o)
                0x080096e4                USB_SetTurnaroundTime
 .text.USB_FlushTxFifo
                0x080097e8       0x34 ../../../libDaisy/build\libdaisy.a(stm32h7xx_ll_usb.o)
                0x080097e8                USB_FlushTxFifo
 .text.USB_GetDevSpeed
                0x0800981c       0x24 ../../../libDaisy/build\libdaisy.a(stm32h7xx_ll_usb.o)
                0x0800981c                USB_GetDevSpeed
 .text.USB_ActivateEndpoint
                0x08009840       0x90 ../../../libDaisy/build\libdaisy.a(stm32h7xx_ll_usb.o)
                0x08009840                USB_ActivateEndpoint
 .text.USB_EPStartXfer
                0x080098d0      0x230 ../../../libDaisy/build\libdaisy.a(stm32h7xx_ll_usb.o)
                0x080098d0                USB_EPStartXfer
 .text.USB_EP0StartXfer
                0x08009b00      0x174 ../../../libDaisy/build\libdaisy.a(stm32h7xx_ll_usb.o)
                0x08009b00                USB_EP0StartXfer
 .text.USB_WritePacket
                0x08009c74       0x2c ../../../libDaisy/build\libdaisy.a(stm32h7xx_ll_usb.o)
                0x08009c74                USB_WritePacket
 .text.USB_ReadPacket
                0x08009ca0       0x20 ../../../libDaisy/build\libdaisy.a(stm32h7xx_ll_usb.o)
                0x08009ca0                USB_ReadPacket
 .text.USB_EPSetStall
                0x08009cc0       0x68 ../../../libDaisy/build\libdaisy.a(stm32h7xx_ll_usb.o)
                0x08009cc0                USB_EPSetStall
 .text.USB_EPClearStall
                0x08009d28       0x58 ../../../libDaisy/build\libdaisy.a(stm32h7xx_ll_usb.o)
                0x08009d28                USB_EPClearStall
 .text.USB_SetDevAddress
                0x08009d80       0x24 ../../../libDaisy/build\libdaisy.a(stm32h7xx_ll_usb.o)
                0x08009d80                USB_SetDevAddress
 .text.USB_ReadInterrupts
                0x08009da4       0x14 ../../../libDaisy/build\libdaisy.a(stm32h7xx_ll_usb.o)
                0x08009da4                USB_ReadInterrupts
 .text.USB_ReadDevAllOutEpInterrupt
                0x08009db8       0x1c ../../../libDaisy/build\libdaisy.a(stm32h7xx_ll_usb.o)
                0x08009db8                USB_ReadDevAllOutEpInterrupt
 .text.USB_ReadDevAllInEpInterrupt
                0x08009dd4       0x1c ../../../libDaisy/build\libdaisy.a(stm32h7xx_ll_usb.o)
                0x08009dd4                USB_ReadDevAllInEpInterrupt
 .text.USB_ReadDevOutEPInterrupt
                0x08009df0       0x1c ../../../libDaisy/build\libdaisy.a(stm32h7xx_ll_usb.o)
                0x08009df0                USB_ReadDevOutEPInterrupt
 .text.USB_ReadDevInEPInterrupt
                0x08009e0c       0x38 ../../../libDaisy/build\libdaisy.a(stm32h7xx_ll_usb.o)
                0x08009e0c                USB_ReadDevInEPInterrupt
 .text.USB_GetMode
                0x08009e44        0x8 ../../../libDaisy/build\libdaisy.a(stm32h7xx_ll_usb.o)
                0x08009e44                USB_GetMode
 .text.USB_ActivateSetup
                0x08009e4c       0x38 ../../../libDaisy/build\libdaisy.a(stm32h7xx_ll_usb.o)
                0x08009e4c                USB_ActivateSetup
 .text.USB_EP0_OutStart
                0x08009e84       0x58 ../../../libDaisy/build\libdaisy.a(stm32h7xx_ll_usb.o)
                0x08009e84                USB_EP0_OutStart
 .text.USB_InitFSLSPClkSel
                0x08009edc       0x44 ../../../libDaisy/build\libdaisy.a(stm32h7xx_ll_usb.o)
                0x08009edc                USB_InitFSLSPClkSel
 .text.USB_HC_ReadInterrupt
                0x08009f20        0x8 ../../../libDaisy/build\libdaisy.a(stm32h7xx_ll_usb.o)
                0x08009f20                USB_HC_ReadInterrupt
 .text.USB_HC_Halt
                0x08009f28       0xc0 ../../../libDaisy/build\libdaisy.a(stm32h7xx_ll_usb.o)
                0x08009f28                USB_HC_Halt
 .text.USB_StopHost
                0x08009fe8      0x2ec ../../../libDaisy/build\libdaisy.a(stm32h7xx_ll_usb.o)
                0x08009fe8                USB_StopHost
 .text.USBD_SetClassConfig
                0x0800a2d4       0x14 ../../../libDaisy/build\libdaisy.a(usbd_core.o)
                0x0800a2d4                USBD_SetClassConfig
 .text.USBD_ClrClassConfig
                0x0800a2e8       0x10 ../../../libDaisy/build\libdaisy.a(usbd_core.o)
                0x0800a2e8                USBD_ClrClassConfig
 .text.USBD_LL_SetupStage
                0x0800a2f8       0x5c ../../../libDaisy/build\libdaisy.a(usbd_core.o)
                0x0800a2f8                USBD_LL_SetupStage
 .text.USBD_LL_DataOutStage
                0x0800a354       0x7c ../../../libDaisy/build\libdaisy.a(usbd_core.o)
                0x0800a354                USBD_LL_DataOutStage
 .text.USBD_LL_DataInStage
                0x0800a3d0       0xcc ../../../libDaisy/build\libdaisy.a(usbd_core.o)
                0x0800a3d0                USBD_LL_DataInStage
 .text.USBD_LL_Reset
                0x0800a49c       0x50 ../../../libDaisy/build\libdaisy.a(usbd_core.o)
                0x0800a49c                USBD_LL_Reset
 .text.USBD_LL_SetSpeed
                0x0800a4ec        0x8 ../../../libDaisy/build\libdaisy.a(usbd_core.o)
                0x0800a4ec                USBD_LL_SetSpeed
 .text.USBD_LL_Suspend
                0x0800a4f4       0x14 ../../../libDaisy/build\libdaisy.a(usbd_core.o)
                0x0800a4f4                USBD_LL_Suspend
 .text.USBD_LL_Resume
                0x0800a508       0x10 ../../../libDaisy/build\libdaisy.a(usbd_core.o)
                0x0800a508                USBD_LL_Resume
 .text.USBD_LL_SOF
                0x0800a518       0x1c ../../../libDaisy/build\libdaisy.a(usbd_core.o)
                0x0800a518                USBD_LL_SOF
 .text.USBD_LL_IsoINIncomplete
                0x0800a534        0x4 ../../../libDaisy/build\libdaisy.a(usbd_core.o)
                0x0800a534                USBD_LL_IsoINIncomplete
 .text.USBD_LL_IsoOUTIncomplete
                0x0800a538        0x4 ../../../libDaisy/build\libdaisy.a(usbd_core.o)
                0x0800a538                USBD_LL_IsoOUTIncomplete
 .text.USBD_LL_DevConnected
                0x0800a53c        0x4 ../../../libDaisy/build\libdaisy.a(usbd_core.o)
                0x0800a53c                USBD_LL_DevConnected
 .text.USBD_LL_DevDisconnected
                0x0800a540       0x18 ../../../libDaisy/build\libdaisy.a(usbd_core.o)
                0x0800a540                USBD_LL_DevDisconnected
 .text.USBD_StdDevReq
                0x0800a558      0x304 ../../../libDaisy/build\libdaisy.a(usbd_ctlreq.o)
                0x0800a558                USBD_StdDevReq
 .text.USBD_StdItfReq
                0x0800a85c       0x68 ../../../libDaisy/build\libdaisy.a(usbd_ctlreq.o)
                0x0800a85c                USBD_StdItfReq
 .text.USBD_StdEPReq
                0x0800a8c4      0x13c ../../../libDaisy/build\libdaisy.a(usbd_ctlreq.o)
                0x0800a8c4                USBD_StdEPReq
 .text.USBD_ParseSetupRequest
                0x0800aa00       0x28 ../../../libDaisy/build\libdaisy.a(usbd_ctlreq.o)
                0x0800aa00                USBD_ParseSetupRequest
 .text.USBD_CtlSendData
                0x0800aa28       0x1c ../../../libDaisy/build\libdaisy.a(usbd_ioreq.o)
                0x0800aa28                USBD_CtlSendData
 .text.USBD_CtlContinueSendData
                0x0800aa44       0x14 ../../../libDaisy/build\libdaisy.a(usbd_ioreq.o)
                0x0800aa44                USBD_CtlContinueSendData
 .text.USBD_CtlContinueRx
                0x0800aa58       0x14 ../../../libDaisy/build\libdaisy.a(usbd_ioreq.o)
                0x0800aa58                USBD_CtlContinueRx
 .text.USBD_CtlSendStatus
                0x0800aa6c       0x18 ../../../libDaisy/build\libdaisy.a(usbd_ioreq.o)
                0x0800aa6c                USBD_CtlSendStatus
 .text.USBD_CtlReceiveStatus
                0x0800aa84       0x18 ../../../libDaisy/build\libdaisy.a(usbd_ioreq.o)
                0x0800aa84                USBD_CtlReceiveStatus
 .text.USBH_LL_IncTimer
                0x0800aa9c       0x20 ../../../libDaisy/build\libdaisy.a(usbh_core.o)
                0x0800aa9c                USBH_LL_IncTimer
 .text.USBH_LL_PortEnabled
                0x0800aabc        0x8 ../../../libDaisy/build\libdaisy.a(usbh_core.o)
                0x0800aabc                USBH_LL_PortEnabled
 .text.USBH_LL_PortDisabled
                0x0800aac4        0x8 ../../../libDaisy/build\libdaisy.a(usbh_core.o)
                0x0800aac4                USBH_LL_PortDisabled
 .text.USBH_LL_Connect
                0x0800aacc       0x18 ../../../libDaisy/build\libdaisy.a(usbh_core.o)
                0x0800aacc                USBH_LL_Connect
 .text.USBH_LL_Disconnect
                0x0800aae4       0x2c ../../../libDaisy/build\libdaisy.a(usbh_core.o)
                0x0800aae4                USBH_LL_Disconnect
 .text.USBH_FreePipe
                0x0800ab10       0x18 ../../../libDaisy/build\libdaisy.a(usbh_pipes.o)
                0x0800ab10                USBH_FreePipe
 .text._ZN5daisy6Random4InitEv
                0x0800ab28       0x3c ../../../libDaisy/build\libdaisy.a(rng.o)
                0x0800ab28                daisy::Random::Init()
 .text._ZN5daisy9SpiHandle4Impl7InitDmaEv
                0x0800ab64       0xec ../../../libDaisy/build\libdaisy.a(spi.o)
                0x0800ab64                daisy::SpiHandle::Impl::InitDma()
 .text._ZN5daisy9SpiHandle4Impl10StartDmaTxEPhjPFvPvEPFvS3_NS0_6ResultEES3_
                0x0800ac50       0xc8 ../../../libDaisy/build\libdaisy.a(spi.o)
                0x0800ac50                daisy::SpiHandle::Impl::StartDmaTx(unsigned char*, unsigned int, void (*)(void*), void (*)(void*, daisy::SpiHandle::Result), void*)
 .text._ZN5daisy9SpiHandle4Impl10StartDmaRxEPhjPFvPvEPFvS3_NS0_6ResultEES3_
                0x0800ad18       0xc8 ../../../libDaisy/build\libdaisy.a(spi.o)
                0x0800ad18                daisy::SpiHandle::Impl::StartDmaRx(unsigned char*, unsigned int, void (*)(void*), void (*)(void*, daisy::SpiHandle::Result), void*)
 .text._ZN5daisy9SpiHandle4Impl12StartDmaRxTxEPhS2_jPFvPvEPFvS3_NS0_6ResultEES3_
                0x0800ade0       0xcc ../../../libDaisy/build\libdaisy.a(spi.o)
                0x0800ade0                daisy::SpiHandle::Impl::StartDmaRxTx(unsigned char*, unsigned char*, unsigned int, void (*)(void*), void (*)(void*, daisy::SpiHandle::Result), void*)
 .text._ZN5daisy9SpiHandle4Impl8InitPinsEv
                0x0800aeac      0x274 ../../../libDaisy/build\libdaisy.a(spi.o)
                0x0800aeac                daisy::SpiHandle::Impl::InitPins()
 .text.HAL_SPI_MspInit
                0x0800b120      0x1a8 ../../../libDaisy/build\libdaisy.a(spi.o)
                0x0800b120                HAL_SPI_MspInit
 .text.dsy_spi_global_init
                0x0800b2c8       0x80 ../../../libDaisy/build\libdaisy.a(spi.o)
                0x0800b2c8                dsy_spi_global_init
 .text.SPI1_IRQHandler
                0x0800b348        0xc ../../../libDaisy/build\libdaisy.a(spi.o)
                0x0800b348                SPI1_IRQHandler
 .text.SPI2_IRQHandler
                0x0800b354        0xc ../../../libDaisy/build\libdaisy.a(spi.o)
                0x0800b354                SPI2_IRQHandler
 .text.SPI3_IRQHandler
                0x0800b360        0xc ../../../libDaisy/build\libdaisy.a(spi.o)
                0x0800b360                SPI3_IRQHandler
 .text.SPI4_IRQHandler
                0x0800b36c        0xc ../../../libDaisy/build\libdaisy.a(spi.o)
                0x0800b36c                SPI4_IRQHandler
 .text.SPI5_IRQHandler
                0x0800b378        0xc ../../../libDaisy/build\libdaisy.a(spi.o)
                0x0800b378                SPI5_IRQHandler
 .text.DMA2_Stream2_IRQHandler
                0x0800b384       0x34 ../../../libDaisy/build\libdaisy.a(spi.o)
                0x0800b384                DMA2_Stream2_IRQHandler
 .text.DMA2_Stream3_IRQHandler
                0x0800b3b8       0x38 ../../../libDaisy/build\libdaisy.a(spi.o)
                0x0800b3b8                DMA2_Stream3_IRQHandler
 .text.HAL_SPI_TxCpltCallback
                0x0800b3f0       0xc4 ../../../libDaisy/build\libdaisy.a(spi.o)
                0x0800b3f0                HAL_SPI_TxCpltCallback
 .text.HAL_SPI_RxCpltCallback
                0x0800b4b4       0xc4 ../../../libDaisy/build\libdaisy.a(spi.o)
                0x0800b4b4                HAL_SPI_RxCpltCallback
 .text.HAL_SPI_TxRxCpltCallback
                0x0800b578       0xc4 ../../../libDaisy/build\libdaisy.a(spi.o)
                0x0800b578                HAL_SPI_TxRxCpltCallback
 .text.HAL_SPI_ErrorCallback
                0x0800b63c       0xc8 ../../../libDaisy/build\libdaisy.a(spi.o)
                0x0800b63c                HAL_SPI_ErrorCallback
 .text.startup._GLOBAL__sub_I__Z19MapInstanceToHandleP11SPI_TypeDef
                0x0800b704      0x1b0 ../../../libDaisy/build\libdaisy.a(spi.o)
 .text.HAL_TIM_Base_MspInit
                0x0800b8b4      0x1e0 ../../../libDaisy/build\libdaisy.a(tim.o)
                0x0800b8b4                HAL_TIM_Base_MspInit
 .text.HAL_TIM_PeriodElapsedCallback
                0x0800ba94       0x44 ../../../libDaisy/build\libdaisy.a(tim.o)
                0x0800ba94                HAL_TIM_PeriodElapsedCallback
 .text.TIM2_IRQHandler
                0x0800bad8        0xc ../../../libDaisy/build\libdaisy.a(tim.o)
                0x0800bad8                TIM2_IRQHandler
 .text.TIM3_IRQHandler
                0x0800bae4        0xc ../../../libDaisy/build\libdaisy.a(tim.o)
                0x0800bae4                TIM3_IRQHandler
 .text.TIM4_IRQHandler
                0x0800baf0        0xc ../../../libDaisy/build\libdaisy.a(tim.o)
                0x0800baf0                TIM4_IRQHandler
 .text.TIM5_IRQHandler
                0x0800bafc        0xc ../../../libDaisy/build\libdaisy.a(tim.o)
                0x0800bafc                TIM5_IRQHandler
 .text._ZN5daisy11TimerHandle4InitERKNS0_6ConfigE
                0x0800bb08       0xd0 ../../../libDaisy/build\libdaisy.a(tim.o)
                0x0800bb08                daisy::TimerHandle::Init(daisy::TimerHandle::Config const&)
 .text._ZN5daisy11TimerHandle5StartEv
                0x0800bbd8       0x24 ../../../libDaisy/build\libdaisy.a(tim.o)
                0x0800bbd8                daisy::TimerHandle::Start()
 .text.startup._GLOBAL__sub_I__ZN5daisy11TimerHandle4Impl4InitERKNS0_6ConfigE
                0x0800bbfc       0x38 ../../../libDaisy/build\libdaisy.a(tim.o)
 .text._ZN5daisy11UartHandler4Impl7InitDmaEbb
                0x0800bc34      0x164 ../../../libDaisy/build\libdaisy.a(uart.o)
                0x0800bc34                daisy::UartHandler::Impl::InitDma(bool, bool)
 .text._ZN5daisy11UartHandler4Impl10HandleFifoEv
                0x0800bd98       0xec ../../../libDaisy/build\libdaisy.a(uart.o)
                0x0800bd98                daisy::UartHandler::Impl::HandleFifo()
 .text._ZN5daisy11UartHandler4Impl10StartDmaTxEPhjPFvPvEPFvS3_NS0_6ResultEES3_
                0x0800be84       0xcc ../../../libDaisy/build\libdaisy.a(uart.o)
                0x0800be84                daisy::UartHandler::Impl::StartDmaTx(unsigned char*, unsigned int, void (*)(void*), void (*)(void*, daisy::UartHandler::Result), void*)
 .text._ZN5daisy11UartHandler4Impl10StartDmaRxEPhjPFvPvEPFvS3_NS0_6ResultEES3_
                0x0800bf50       0xcc ../../../libDaisy/build\libdaisy.a(uart.o)
                0x0800bf50                daisy::UartHandler::Impl::StartDmaRx(unsigned char*, unsigned int, void (*)(void*), void (*)(void*, daisy::UartHandler::Result), void*)
 .text._ZN5daisy11UartHandler4Impl19DmaTransferFinishedEP20__UART_HandleTypeDefNS0_6ResultE
                0x0800c01c       0xc0 ../../../libDaisy/build\libdaisy.a(uart.o)
                0x0800c01c                daisy::UartHandler::Impl::DmaTransferFinished(__UART_HandleTypeDef*, daisy::UartHandler::Result)
 .text._ZN5daisy11UartHandler4Impl8InitPinsEv
                0x0800c0dc      0x150 ../../../libDaisy/build\libdaisy.a(uart.o)
                0x0800c0dc                daisy::UartHandler::Impl::InitPins()
 .text.HAL_UART_MspInit
                0x0800c22c      0x210 ../../../libDaisy/build\libdaisy.a(uart.o)
                0x0800c22c                HAL_UART_MspInit
 .text.dsy_uart_global_init
                0x0800c43c      0x110 ../../../libDaisy/build\libdaisy.a(uart.o)
                0x0800c43c                dsy_uart_global_init
 .text.USART1_IRQHandler
                0x0800c54c       0x30 ../../../libDaisy/build\libdaisy.a(uart.o)
                0x0800c54c                USART1_IRQHandler
 .text.USART2_IRQHandler
                0x0800c57c       0x34 ../../../libDaisy/build\libdaisy.a(uart.o)
                0x0800c57c                USART2_IRQHandler
 .text.USART3_IRQHandler
                0x0800c5b0       0x34 ../../../libDaisy/build\libdaisy.a(uart.o)
                0x0800c5b0                USART3_IRQHandler
 .text.UART4_IRQHandler
                0x0800c5e4       0x34 ../../../libDaisy/build\libdaisy.a(uart.o)
                0x0800c5e4                UART4_IRQHandler
 .text.UART5_IRQHandler
                0x0800c618       0x34 ../../../libDaisy/build\libdaisy.a(uart.o)
                0x0800c618                UART5_IRQHandler
 .text.USART6_IRQHandler
                0x0800c64c       0x34 ../../../libDaisy/build\libdaisy.a(uart.o)
                0x0800c64c                USART6_IRQHandler
 .text.UART7_IRQHandler
                0x0800c680       0x30 ../../../libDaisy/build\libdaisy.a(uart.o)
                0x0800c680                UART7_IRQHandler
 .text.UART8_IRQHandler
                0x0800c6b0       0x34 ../../../libDaisy/build\libdaisy.a(uart.o)
                0x0800c6b0                UART8_IRQHandler
 .text.LPUART1_IRQHandler
                0x0800c6e4       0x34 ../../../libDaisy/build\libdaisy.a(uart.o)
                0x0800c6e4                LPUART1_IRQHandler
 .text.DMA1_Stream5_IRQHandler
                0x0800c718       0x34 ../../../libDaisy/build\libdaisy.a(uart.o)
                0x0800c718                DMA1_Stream5_IRQHandler
 .text.DMA2_Stream4_IRQHandler
                0x0800c74c       0x34 ../../../libDaisy/build\libdaisy.a(uart.o)
                0x0800c74c                DMA2_Stream4_IRQHandler
 .text.HAL_UART_TxCpltCallback
                0x0800c780        0x8 ../../../libDaisy/build\libdaisy.a(uart.o)
                0x0800c780                HAL_UART_TxCpltCallback
 .text.HAL_UART_RxCpltCallback
                0x0800c788        0x8 ../../../libDaisy/build\libdaisy.a(uart.o)
                0x0800c788                HAL_UART_RxCpltCallback
 .text.HAL_UART_ErrorCallback
                0x0800c790        0x8 ../../../libDaisy/build\libdaisy.a(uart.o)
                0x0800c790                HAL_UART_ErrorCallback
 .text.startup._GLOBAL__sub_I__Z19MapInstanceToHandleP13USART_TypeDef
                0x0800c798      0x190 ../../../libDaisy/build\libdaisy.a(uart.o)
 .text.dsy_dma_init
                0x0800c928      0x100 ../../../libDaisy/build\libdaisy.a(dma.o)
                0x0800c928                dsy_dma_init
 .text.HAL_MDMA_Abort_IT
                0x0800ca28       0x2c ../../../libDaisy/build\libdaisy.a(stm32h7xx_hal_mdma.o)
                0x0800ca28                HAL_MDMA_Abort_IT
 .text.SPI_CloseTransfer
                0x0800ca54       0xb8 ../../../libDaisy/build\libdaisy.a(stm32h7xx_hal_spi.o)
 .text.HAL_SPI_Init
                0x0800cb0c      0x15c ../../../libDaisy/build\libdaisy.a(stm32h7xx_hal_spi.o)
                0x0800cb0c                HAL_SPI_Init
 .text.HAL_SPI_Transmit_DMA
                0x0800cc68      0x170 ../../../libDaisy/build\libdaisy.a(stm32h7xx_hal_spi.o)
                0x0800cc68                HAL_SPI_Transmit_DMA
 .text.HAL_SPI_TransmitReceive_DMA
                0x0800cdd8      0x218 ../../../libDaisy/build\libdaisy.a(stm32h7xx_hal_spi.o)
                0x0800cdd8                HAL_SPI_TransmitReceive_DMA
 .text.HAL_SPI_Receive_DMA
                0x0800cff0      0x1b4 ../../../libDaisy/build\libdaisy.a(stm32h7xx_hal_spi.o)
                0x0800cff0                HAL_SPI_Receive_DMA
 .text.SPI_DMATransmitCplt
                0x0800d1a4       0x28 ../../../libDaisy/build\libdaisy.a(stm32h7xx_hal_spi.o)
 .text.SPI_DMAReceiveCplt
                0x0800d1cc       0x28 ../../../libDaisy/build\libdaisy.a(stm32h7xx_hal_spi.o)
 .text.SPI_DMATransmitReceiveCplt
                0x0800d1f4       0x28 ../../../libDaisy/build\libdaisy.a(stm32h7xx_hal_spi.o)
 .text.HAL_SPI_TxHalfCpltCallback
                0x0800d21c        0x4 ../../../libDaisy/build\libdaisy.a(stm32h7xx_hal_spi.o)
                0x0800d21c                HAL_SPI_TxHalfCpltCallback
 .text.SPI_DMAHalfTransmitCplt
                0x0800d220        0xc ../../../libDaisy/build\libdaisy.a(stm32h7xx_hal_spi.o)
 .text.HAL_SPI_RxHalfCpltCallback
                0x0800d22c        0x4 ../../../libDaisy/build\libdaisy.a(stm32h7xx_hal_spi.o)
                0x0800d22c                HAL_SPI_RxHalfCpltCallback
 .text.SPI_DMAHalfReceiveCplt
                0x0800d230        0xc ../../../libDaisy/build\libdaisy.a(stm32h7xx_hal_spi.o)
 .text.HAL_SPI_TxRxHalfCpltCallback
                0x0800d23c        0x4 ../../../libDaisy/build\libdaisy.a(stm32h7xx_hal_spi.o)
                0x0800d23c                HAL_SPI_TxRxHalfCpltCallback
 .text.SPI_DMAHalfTransmitReceiveCplt
                0x0800d240        0xc ../../../libDaisy/build\libdaisy.a(stm32h7xx_hal_spi.o)
 .text.SPI_DMAError
                0x0800d24c       0xd8 ../../../libDaisy/build\libdaisy.a(stm32h7xx_hal_spi.o)
 .text.HAL_SPI_IRQHandler
                0x0800d324      0x23c ../../../libDaisy/build\libdaisy.a(stm32h7xx_hal_spi.o)
                0x0800d324                HAL_SPI_IRQHandler
 .text.SPI_DMAAbortOnError
                0x0800d560       0x1c ../../../libDaisy/build\libdaisy.a(stm32h7xx_hal_spi.o)
 .text.HAL_SPI_GetState
                0x0800d57c        0x8 ../../../libDaisy/build\libdaisy.a(stm32h7xx_hal_spi.o)
                0x0800d57c                HAL_SPI_GetState
 .text.HAL_TIM_Base_Init
                0x0800d584      0x140 ../../../libDaisy/build\libdaisy.a(stm32h7xx_hal_tim.o)
                0x0800d584                HAL_TIM_Base_Init
 .text.HAL_TIM_Base_Start
                0x0800d6c4       0x34 ../../../libDaisy/build\libdaisy.a(stm32h7xx_hal_tim.o)
                0x0800d6c4                HAL_TIM_Base_Start
 .text.HAL_TIM_Base_Start_IT
                0x0800d6f8       0x2c ../../../libDaisy/build\libdaisy.a(stm32h7xx_hal_tim.o)
                0x0800d6f8                HAL_TIM_Base_Start_IT
 .text.HAL_TIM_ConfigClockSource
                0x0800d724      0x17c ../../../libDaisy/build\libdaisy.a(stm32h7xx_hal_tim.o)
                0x0800d724                HAL_TIM_ConfigClockSource
 .text.HAL_TIM_OC_DelayElapsedCallback
                0x0800d8a0        0x4 ../../../libDaisy/build\libdaisy.a(stm32h7xx_hal_tim.o)
                0x0800d8a0                HAL_TIM_OC_DelayElapsedCallback
 .text.HAL_TIM_IC_CaptureCallback
                0x0800d8a4        0x4 ../../../libDaisy/build\libdaisy.a(stm32h7xx_hal_tim.o)
                0x0800d8a4                HAL_TIM_IC_CaptureCallback
 .text.HAL_TIM_PWM_PulseFinishedCallback
                0x0800d8a8        0x4 ../../../libDaisy/build\libdaisy.a(stm32h7xx_hal_tim.o)
                0x0800d8a8                HAL_TIM_PWM_PulseFinishedCallback
 .text.HAL_TIM_TriggerCallback
                0x0800d8ac        0x4 ../../../libDaisy/build\libdaisy.a(stm32h7xx_hal_tim.o)
                0x0800d8ac                HAL_TIM_TriggerCallback
 .text.HAL_TIM_IRQHandler
                0x0800d8b0      0x170 ../../../libDaisy/build\libdaisy.a(stm32h7xx_hal_tim.o)
                0x0800d8b0                HAL_TIM_IRQHandler
 .text.HAL_TIMEx_MasterConfigSynchronization
                0x0800da20       0x64 ../../../libDaisy/build\libdaisy.a(stm32h7xx_hal_tim_ex.o)
                0x0800da20                HAL_TIMEx_MasterConfigSynchronization
 .text.HAL_TIMEx_CommutCallback
                0x0800da84        0x4 ../../../libDaisy/build\libdaisy.a(stm32h7xx_hal_tim_ex.o)
                0x0800da84                HAL_TIMEx_CommutCallback
 .text.HAL_TIMEx_BreakCallback
                0x0800da88        0x4 ../../../libDaisy/build\libdaisy.a(stm32h7xx_hal_tim_ex.o)
                0x0800da88                HAL_TIMEx_BreakCallback
 .text.HAL_TIMEx_Break2Callback
                0x0800da8c        0x4 ../../../libDaisy/build\libdaisy.a(stm32h7xx_hal_tim_ex.o)
                0x0800da8c                HAL_TIMEx_Break2Callback
 .text.HAL_UART_Transmit_DMA
                0x0800da90       0xa4 ../../../libDaisy/build\libdaisy.a(stm32h7xx_hal_uart.o)
                0x0800da90                HAL_UART_Transmit_DMA
 .text.HAL_UART_Receive_DMA
                0x0800db34       0xac ../../../libDaisy/build\libdaisy.a(stm32h7xx_hal_uart.o)
                0x0800db34                HAL_UART_Receive_DMA
 .text.UART_DMATransmitCplt
                0x0800dbe0       0x2c ../../../libDaisy/build\libdaisy.a(stm32h7xx_hal_uart.o)
 .text.HAL_UART_TxHalfCpltCallback
                0x0800dc0c        0x4 ../../../libDaisy/build\libdaisy.a(stm32h7xx_hal_uart.o)
                0x0800dc0c                HAL_UART_TxHalfCpltCallback
 .text.UART_DMATxHalfCplt
                0x0800dc10        0xc ../../../libDaisy/build\libdaisy.a(stm32h7xx_hal_uart.o)
 .text.UART_DMAReceiveCplt
                0x0800dc1c       0x38 ../../../libDaisy/build\libdaisy.a(stm32h7xx_hal_uart.o)
 .text.HAL_UART_RxHalfCpltCallback
                0x0800dc54        0x4 ../../../libDaisy/build\libdaisy.a(stm32h7xx_hal_uart.o)
                0x0800dc54                HAL_UART_RxHalfCpltCallback
 .text.UART_DMARxHalfCplt
                0x0800dc58        0xc ../../../libDaisy/build\libdaisy.a(stm32h7xx_hal_uart.o)
 .text.UART_DMAError
                0x0800dc64       0x78 ../../../libDaisy/build\libdaisy.a(stm32h7xx_hal_uart.o)
 .text.HAL_UART_IRQHandler
                0x0800dcdc      0x1d0 ../../../libDaisy/build\libdaisy.a(stm32h7xx_hal_uart.o)
                0x0800dcdc                HAL_UART_IRQHandler
 .text.UART_DMAAbortOnError
                0x0800deac       0x14 ../../../libDaisy/build\libdaisy.a(stm32h7xx_hal_uart.o)
 .text.HAL_UART_GetState
                0x0800dec0        0xc ../../../libDaisy/build\libdaisy.a(stm32h7xx_hal_uart.o)
                0x0800dec0                HAL_UART_GetState
 .text.UART_SetConfig
                0x0800decc     0x14b8 ../../../libDaisy/build\libdaisy.a(stm32h7xx_hal_uart.o)
                0x0800decc                UART_SetConfig
 .text.UART_AdvFeatureConfig
                0x0800f384       0xb0 ../../../libDaisy/build\libdaisy.a(stm32h7xx_hal_uart.o)
                0x0800f384                UART_AdvFeatureConfig
 .text.UART_CheckIdleState
                0x0800f434       0x84 ../../../libDaisy/build\libdaisy.a(stm32h7xx_hal_uart.o)
                0x0800f434                UART_CheckIdleState
 .text.HAL_UART_Init
                0x0800f4b8       0x68 ../../../libDaisy/build\libdaisy.a(stm32h7xx_hal_uart.o)
                0x0800f4b8                HAL_UART_Init
 .text.HAL_UARTEx_WakeupCallback
                0x0800f520        0x4 ../../../libDaisy/build\libdaisy.a(stm32h7xx_hal_uart_ex.o)
                0x0800f520                HAL_UARTEx_WakeupCallback
 .text.HAL_UARTEx_RxFifoFullCallback
                0x0800f524        0x4 ../../../libDaisy/build\libdaisy.a(stm32h7xx_hal_uart_ex.o)
                0x0800f524                HAL_UARTEx_RxFifoFullCallback
 .text.HAL_UARTEx_TxFifoEmptyCallback
                0x0800f528        0x4 ../../../libDaisy/build\libdaisy.a(stm32h7xx_hal_uart_ex.o)
                0x0800f528                HAL_UARTEx_TxFifoEmptyCallback
 .text._ZN7daisysp6Phasor7SetFreqEf
                0x0800f52c       0x20 ../../../DaisySP/build\libdaisysp.a(phasor.o)
                0x0800f52c                daisysp::Phasor::SetFreq(float)
 .text._ZN7daisysp6Phasor7ProcessEv
                0x0800f54c       0x3c ../../../DaisySP/build\libdaisysp.a(phasor.o)
                0x0800f54c                daisysp::Phasor::Process()
 .text.__aeabi_atexit
                0x0800f588        0xa c:/program files/daisytoolchain/bin/../lib/gcc/arm-none-eabi/10.2.1/../../../../arm-none-eabi/lib/thumb/v7e-m+dp/hard\libstdc++_nano.a(atexit_arm.o)
                0x0800f588                __aeabi_atexit
 *fill*         0x0800f592        0x2 
 .text.__cxa_atexit
                0x0800f594       0x1c c:/program files/daisytoolchain/bin/../lib/gcc/arm-none-eabi/10.2.1/../../../../arm-none-eabi/lib/thumb/v7e-m+dp/hard\libc_nano.a(lib_a-cxa_atexit.o)
                0x0800f594                __cxa_atexit
 .text.__libc_init_array
                0x0800f5b0       0x48 c:/program files/daisytoolchain/bin/../lib/gcc/arm-none-eabi/10.2.1/../../../../arm-none-eabi/lib/thumb/v7e-m+dp/hard\libc_nano.a(lib_a-init.o)
                0x0800f5b0                __libc_init_array
 .text.memcpy   0x0800f5f8       0x1c c:/program files/daisytoolchain/bin/../lib/gcc/arm-none-eabi/10.2.1/../../../../arm-none-eabi/lib/thumb/v7e-m+dp/hard\libc_nano.a(lib_a-memcpy-stub.o)
                0x0800f5f8                memcpy
 .text.memset   0x0800f614       0x10 c:/program files/daisytoolchain/bin/../lib/gcc/arm-none-eabi/10.2.1/../../../../arm-none-eabi/lib/thumb/v7e-m+dp/hard\libc_nano.a(lib_a-memset.o)
                0x0800f614                memset
 *(.rodata)
 .rodata        0x0800f624       0x10 ../../../libDaisy/build\libdaisy.a(i2c.o)
 .rodata        0x0800f634       0x10 ../../../libDaisy/build\libdaisy.a(tim.o)
 .rodata        0x0800f644       0x12 ../../../libDaisy/build\libdaisy.a(uart.o)
 *(.rodata*)
 *fill*         0x0800f656        0x2 
 .rodata._ZN5daisy4seedL3D21E
                0x0800f658        0x2 build/phasor.o
 *fill*         0x0800f65a        0x2 
 .rodata._ZL8seedgpio
                0x0800f65c       0x42 ../../../libDaisy/build\libdaisy.a(daisy_seed.o)
 *fill*         0x0800f69e        0x2 
 .rodata.CSWTCH.35
                0x0800f6a0        0x3 ../../../libDaisy/build\libdaisy.a(sai.o)
 *fill*         0x0800f6a3        0x1 
 .rodata.CSWTCH.36
                0x0800f6a4        0xc ../../../libDaisy/build\libdaisy.a(sai.o)
 .rodata.CSWTCH.44
                0x0800f6b0       0x14 ../../../libDaisy/build\libdaisy.a(sai.o)
 .rodata.D1CorePrescTable
                0x0800f6c4       0x10 ../../../libDaisy/build\libdaisy.a(system_stm32h7xx.o)
                0x0800f6c4                D1CorePrescTable
 .rodata.CSWTCH.24
                0x0800f6d4        0x4 ../../../libDaisy/build\libdaisy.a(usbd_conf.o)
 .rodata.CSWTCH.19
                0x0800f6d8        0x4 ../../../libDaisy/build\libdaisy.a(usbh_conf.o)
 .rodata.gpio_hal_pin_map
                0x0800f6dc       0x20 ../../../libDaisy/build\libdaisy.a(hal_map.o)
 .rodata.gpio_hal_port_map
                0x0800f6fc       0x30 ../../../libDaisy/build\libdaisy.a(hal_map.o)
 .rodata.flagBitshiftOffset.0
                0x0800f72c        0x8 ../../../libDaisy/build\libdaisy.a(stm32h7xx_hal_dma.o)
 .rodata._ZL13pins_none_spi
                0x0800f734        0x3 ../../../libDaisy/build\libdaisy.a(spi.o)
 *fill*         0x0800f737        0x1 
 .rodata._ZL16pins_periphs_spi
                0x0800f738       0x60 ../../../libDaisy/build\libdaisy.a(spi.o)
 .rodata.CSWTCH.418
                0x0800f798       0x29 ../../../libDaisy/build\libdaisy.a(stm32h7xx_hal_uart.o)
 *fill*         0x0800f7c1        0x3 
 .rodata.CSWTCH.419
                0x0800f7c4        0x6 ../../../libDaisy/build\libdaisy.a(stm32h7xx_hal_uart.o)
 *fill*         0x0800f7ca        0x2 
 .rodata.CSWTCH.426
                0x0800f7cc        0x6 ../../../libDaisy/build\libdaisy.a(stm32h7xx_hal_uart.o)
 *(.glue_7)
 .glue_7        0x0800f7d2        0x0 linker stubs
 *(.glue_7t)
 .glue_7t       0x0800f7d2        0x0 linker stubs
 *(.init)
 *fill*         0x0800f7d2        0x2 
 .init          0x0800f7d4        0x4 c:/program files/daisytoolchain/bin/../lib/gcc/arm-none-eabi/10.2.1/thumb/v7e-m+dp/hard/crti.o
                0x0800f7d4                _init
 .init          0x0800f7d8        0x8 c:/program files/daisytoolchain/bin/../lib/gcc/arm-none-eabi/10.2.1/thumb/v7e-m+dp/hard/crtn.o
 *(.fini)
 .fini          0x0800f7e0        0x4 c:/program files/daisytoolchain/bin/../lib/gcc/arm-none-eabi/10.2.1/thumb/v7e-m+dp/hard/crti.o
                0x0800f7e0                _fini
 .fini          0x0800f7e4        0x8 c:/program files/daisytoolchain/bin/../lib/gcc/arm-none-eabi/10.2.1/thumb/v7e-m+dp/hard/crtn.o
                0x0800f7ec                . = ALIGN (0x4)
                0x0800f7ec                _etext = .

.eh_frame       0x0800f7ec        0x0
 .eh_frame      0x0800f7ec        0x0 c:/program files/daisytoolchain/bin/../lib/gcc/arm-none-eabi/10.2.1/thumb/v7e-m+dp/hard/crtbegin.o

.vfp11_veneer   0x0800f7ec        0x0
 .vfp11_veneer  0x0800f7ec        0x0 linker stubs

.v4_bx          0x0800f7ec        0x0
 .v4_bx         0x0800f7ec        0x0 linker stubs

.iplt           0x0800f7ec        0x0
 .iplt          0x0800f7ec        0x0 c:/program files/daisytoolchain/bin/../lib/gcc/arm-none-eabi/10.2.1/thumb/v7e-m+dp/hard/crtbegin.o

.ARM.extab      0x0800f7ec        0x0
                0x0800f7ec                . = ALIGN (0x4)
 *(.ARM.extab)
 *(.gnu.linkonce.armextab.*)
                0x0800f7ec                . = ALIGN (0x4)

.exidx          0x0800f7ec        0x8
                0x0800f7ec                . = ALIGN (0x4)
                [!provide]                PROVIDE (__exidx_start = .)
 *(.ARM.exidx*)
 .ARM.exidx     0x0800f7ec        0x8 c:/program files/daisytoolchain/bin/../lib/gcc/arm-none-eabi/10.2.1/thumb/v7e-m+dp/hard\libgcc.a(_udivmoddi4.o)
                0x0800f7f4                . = ALIGN (0x4)
                [!provide]                PROVIDE (__exidx_end = .)

.rel.dyn        0x0800f7f4        0x0
 .rel.iplt      0x0800f7f4        0x0 c:/program files/daisytoolchain/bin/../lib/gcc/arm-none-eabi/10.2.1/thumb/v7e-m+dp/hard/crtbegin.o

.ARM.attributes
                0x0800f7f4       0x2e
 *(.ARM.attributes)
 .ARM.attributes
                0x0800f7f4       0x1e c:/program files/daisytoolchain/bin/../lib/gcc/arm-none-eabi/10.2.1/thumb/v7e-m+dp/hard/crti.o
 .ARM.attributes
                0x0800f812       0x32 c:/program files/daisytoolchain/bin/../lib/gcc/arm-none-eabi/10.2.1/thumb/v7e-m+dp/hard/crtbegin.o
 .ARM.attributes
                0x0800f844       0x32 build/startup_stm32h750xx.o
 .ARM.attributes
                0x0800f876       0x32 build/phasor.o
 .ARM.attributes
                0x0800f8a8       0x32 ../../../libDaisy/build\libdaisy.a(daisy_seed.o)
 .ARM.attributes
                0x0800f8da       0x32 ../../../libDaisy/build\libdaisy.a(codec_ak4556.o)
 .ARM.attributes
                0x0800f90c       0x32 ../../../libDaisy/build\libdaisy.a(codec_wm8731.o)
 .ARM.attributes
                0x0800f93e       0x32 ../../../libDaisy/build\libdaisy.a(sdram.o)
 .ARM.attributes
                0x0800f970       0x32 ../../../libDaisy/build\libdaisy.a(audio.o)
 .ARM.attributes
                0x0800f9a2       0x32 ../../../libDaisy/build\libdaisy.a(switch.o)
 .ARM.attributes
                0x0800f9d4       0x32 ../../../libDaisy/build\libdaisy.a(gpio.o)
 .ARM.attributes
                0x0800fa06       0x32 ../../../libDaisy/build\libdaisy.a(i2c.o)
 .ARM.attributes
                0x0800fa38       0x32 ../../../libDaisy/build\libdaisy.a(qspi.o)
 .ARM.attributes
                0x0800fa6a       0x32 ../../../libDaisy/build\libdaisy.a(sai.o)
 .ARM.attributes
                0x0800fa9c       0x32 ../../../libDaisy/build\libdaisy.a(system.o)
 .ARM.attributes
                0x0800face       0x32 ../../../libDaisy/build\libdaisy.a(system_stm32h7xx.o)
 .ARM.attributes
                0x0800fb00       0x32 ../../../libDaisy/build\libdaisy.a(usbd_conf.o)
 .ARM.attributes
                0x0800fb32       0x32 ../../../libDaisy/build\libdaisy.a(usbh_conf.o)
 .ARM.attributes
                0x0800fb64       0x32 ../../../libDaisy/build\libdaisy.a(hal_map.o)
 .ARM.attributes
                0x0800fb96       0x32 ../../../libDaisy/build\libdaisy.a(stm32h7xx_hal.o)
 .ARM.attributes
                0x0800fbc8       0x32 ../../../libDaisy/build\libdaisy.a(stm32h7xx_hal_cortex.o)
 .ARM.attributes
                0x0800fbfa       0x32 ../../../libDaisy/build\libdaisy.a(stm32h7xx_hal_dma.o)
 .ARM.attributes
                0x0800fc2c       0x32 ../../../libDaisy/build\libdaisy.a(stm32h7xx_hal_gpio.o)
 .ARM.attributes
                0x0800fc5e       0x32 ../../../libDaisy/build\libdaisy.a(stm32h7xx_hal_hcd.o)
 .ARM.attributes
                0x0800fc90       0x32 ../../../libDaisy/build\libdaisy.a(stm32h7xx_hal_i2c.o)
 .ARM.attributes
                0x0800fcc2       0x32 ../../../libDaisy/build\libdaisy.a(stm32h7xx_hal_i2c_ex.o)
 .ARM.attributes
                0x0800fcf4       0x32 ../../../libDaisy/build\libdaisy.a(stm32h7xx_hal_pcd.o)
 .ARM.attributes
                0x0800fd26       0x32 ../../../libDaisy/build\libdaisy.a(stm32h7xx_hal_pcd_ex.o)
 .ARM.attributes
                0x0800fd58       0x32 ../../../libDaisy/build\libdaisy.a(stm32h7xx_hal_pwr_ex.o)
 .ARM.attributes
                0x0800fd8a       0x32 ../../../libDaisy/build\libdaisy.a(stm32h7xx_hal_qspi.o)
 .ARM.attributes
                0x0800fdbc       0x32 ../../../libDaisy/build\libdaisy.a(stm32h7xx_hal_rcc.o)
 .ARM.attributes
                0x0800fdee       0x32 ../../../libDaisy/build\libdaisy.a(stm32h7xx_hal_rcc_ex.o)
 .ARM.attributes
                0x0800fe20       0x32 ../../../libDaisy/build\libdaisy.a(stm32h7xx_hal_sai.o)
 .ARM.attributes
                0x0800fe52       0x32 ../../../libDaisy/build\libdaisy.a(stm32h7xx_hal_sdram.o)
 .ARM.attributes
                0x0800fe84       0x32 ../../../libDaisy/build\libdaisy.a(stm32h7xx_ll_fmc.o)
 .ARM.attributes
                0x0800feb6       0x32 ../../../libDaisy/build\libdaisy.a(stm32h7xx_ll_usb.o)
 .ARM.attributes
                0x0800fee8       0x32 ../../../libDaisy/build\libdaisy.a(usbd_core.o)
 .ARM.attributes
                0x0800ff1a       0x32 ../../../libDaisy/build\libdaisy.a(usbd_ctlreq.o)
 .ARM.attributes
                0x0800ff4c       0x32 ../../../libDaisy/build\libdaisy.a(usbd_ioreq.o)
 .ARM.attributes
                0x0800ff7e       0x32 ../../../libDaisy/build\libdaisy.a(usbh_core.o)
 .ARM.attributes
                0x0800ffb0       0x32 ../../../libDaisy/build\libdaisy.a(usbh_pipes.o)
 .ARM.attributes
                0x0800ffe2       0x32 ../../../libDaisy/build\libdaisy.a(rng.o)
 .ARM.attributes
                0x08010014       0x32 ../../../libDaisy/build\libdaisy.a(spi.o)
 .ARM.attributes
                0x08010046       0x32 ../../../libDaisy/build\libdaisy.a(tim.o)
 .ARM.attributes
                0x08010078       0x32 ../../../libDaisy/build\libdaisy.a(uart.o)
 .ARM.attributes
                0x080100aa       0x32 ../../../libDaisy/build\libdaisy.a(dma.o)
 .ARM.attributes
                0x080100dc       0x32 ../../../libDaisy/build\libdaisy.a(stm32h7xx_hal_mdma.o)
 .ARM.attributes
                0x0801010e       0x32 ../../../libDaisy/build\libdaisy.a(stm32h7xx_hal_spi.o)
 .ARM.attributes
                0x08010140       0x32 ../../../libDaisy/build\libdaisy.a(stm32h7xx_hal_tim.o)
 .ARM.attributes
                0x08010172       0x32 ../../../libDaisy/build\libdaisy.a(stm32h7xx_hal_tim_ex.o)
 .ARM.attributes
                0x080101a4       0x32 ../../../libDaisy/build\libdaisy.a(stm32h7xx_hal_uart.o)
 .ARM.attributes
                0x080101d6       0x32 ../../../libDaisy/build\libdaisy.a(stm32h7xx_hal_uart_ex.o)
 .ARM.attributes
                0x08010208       0x32 ../../../DaisySP/build\libdaisysp.a(phasor.o)
 .ARM.attributes
                0x0801023a       0x32 c:/program files/daisytoolchain/bin/../lib/gcc/arm-none-eabi/10.2.1/../../../../arm-none-eabi/lib/thumb/v7e-m+dp/hard\libstdc++_nano.a(atexit_arm.o)
 .ARM.attributes
                0x0801026c       0x32 c:/program files/daisytoolchain/bin/../lib/gcc/arm-none-eabi/10.2.1/../../../../arm-none-eabi/lib/thumb/v7e-m+dp/hard\libc_nano.a(lib_a-cxa_atexit.o)
 .ARM.attributes
                0x0801029e       0x32 c:/program files/daisytoolchain/bin/../lib/gcc/arm-none-eabi/10.2.1/../../../../arm-none-eabi/lib/thumb/v7e-m+dp/hard\libc_nano.a(lib_a-init.o)
 .ARM.attributes
                0x080102d0       0x32 c:/program files/daisytoolchain/bin/../lib/gcc/arm-none-eabi/10.2.1/../../../../arm-none-eabi/lib/thumb/v7e-m+dp/hard\libc_nano.a(lib_a-memcpy-stub.o)
 .ARM.attributes
                0x08010302       0x32 c:/program files/daisytoolchain/bin/../lib/gcc/arm-none-eabi/10.2.1/../../../../arm-none-eabi/lib/thumb/v7e-m+dp/hard\libc_nano.a(lib_a-memset.o)
 .ARM.attributes
                0x08010334       0x1e c:/program files/daisytoolchain/bin/../lib/gcc/arm-none-eabi/10.2.1/thumb/v7e-m+dp/hard\libgcc.a(_aeabi_uldivmod.o)
 .ARM.attributes
                0x08010352       0x32 c:/program files/daisytoolchain/bin/../lib/gcc/arm-none-eabi/10.2.1/thumb/v7e-m+dp/hard\libgcc.a(_udivmoddi4.o)
 .ARM.attributes
                0x08010384       0x1e c:/program files/daisytoolchain/bin/../lib/gcc/arm-none-eabi/10.2.1/thumb/v7e-m+dp/hard\libgcc.a(_dvmd_tls.o)
 .ARM.attributes
                0x080103a2       0x1e c:/program files/daisytoolchain/bin/../lib/gcc/arm-none-eabi/10.2.1/thumb/v7e-m+dp/hard/crtn.o

.preinit_array  0x0800f7f4        0x0
                0x0800f7f4                PROVIDE (__preinit_array_start = .)
 *(.preinit_array*)
                0x0800f7f4                PROVIDE (__preinit_array_end = .)

.init_array     0x0800f7f4       0x24
                0x0800f7f4                PROVIDE (__init_array_start = .)
 *(SORT_BY_NAME(.init_array.*))
 *(.init_array*)
 .init_array    0x0800f7f4        0x4 c:/program files/daisytoolchain/bin/../lib/gcc/arm-none-eabi/10.2.1/thumb/v7e-m+dp/hard/crtbegin.o
 .init_array    0x0800f7f8        0x4 build/phasor.o
 .init_array    0x0800f7fc        0x4 ../../../libDaisy/build\libdaisy.a(audio.o)
 .init_array    0x0800f800        0x4 ../../../libDaisy/build\libdaisy.a(i2c.o)
 .init_array    0x0800f804        0x4 ../../../libDaisy/build\libdaisy.a(qspi.o)
 .init_array    0x0800f808        0x4 ../../../libDaisy/build\libdaisy.a(system.o)
 .init_array    0x0800f80c        0x4 ../../../libDaisy/build\libdaisy.a(spi.o)
 .init_array    0x0800f810        0x4 ../../../libDaisy/build\libdaisy.a(tim.o)
 .init_array    0x0800f814        0x4 ../../../libDaisy/build\libdaisy.a(uart.o)
                0x0800f818                PROVIDE (__init_array_end = .)

.fini_array     0x0800f818        0x4
                [!provide]                PROVIDE (__fini_array_start = .)
 *(.fini_array*)
 .fini_array    0x0800f818        0x4 c:/program files/daisytoolchain/bin/../lib/gcc/arm-none-eabi/10.2.1/thumb/v7e-m+dp/hard/crtbegin.o
 *(SORT_BY_NAME(.fini_array.*))
                [!provide]                PROVIDE (__fini_array_end = .)

.data           0x24000000      0x37c load address 0x0800f81c
                0x24000000                . = ALIGN (0x4)
                0x24000000                _sdata = .
                [!provide]                PROVIDE (__data_start__ = _sdata)
 *(.data)
 .data          0x24000000        0x4 c:/program files/daisytoolchain/bin/../lib/gcc/arm-none-eabi/10.2.1/thumb/v7e-m+dp/hard/crtbegin.o
                0x24000000                __dso_handle
 *(.data*)
 .data._ZN5daisy9I2CHandle4Impl21queued_dma_transfers_E
                0x24000004       0x48 ../../../libDaisy/build\libdaisy.a(i2c.o)
                0x24000004                daisy::I2CHandle::Impl::queued_dma_transfers_
 .data.SystemCoreClock
                0x2400004c        0x4 ../../../libDaisy/build\libdaisy.a(system_stm32h7xx.o)
                0x2400004c                SystemCoreClock
 .data.SystemD2Clock
                0x24000050        0x4 ../../../libDaisy/build\libdaisy.a(system_stm32h7xx.o)
                0x24000050                SystemD2Clock
 .data.uwTickFreq
                0x24000054        0x1 ../../../libDaisy/build\libdaisy.a(stm32h7xx_hal.o)
 *fill*         0x24000055        0x3 
 .data.uwTickPrio
                0x24000058        0x4 ../../../libDaisy/build\libdaisy.a(stm32h7xx_hal.o)
 .data._ZL13spi1_pins_nss
                0x2400005c        0x9 ../../../libDaisy/build\libdaisy.a(spi.o)
 *fill*         0x24000065        0x3 
 .data._ZL13spi2_pins_nss
                0x24000068        0x9 ../../../libDaisy/build\libdaisy.a(spi.o)
 *fill*         0x24000071        0x3 
 .data._ZL13spi3_pins_nss
                0x24000074        0x9 ../../../libDaisy/build\libdaisy.a(spi.o)
 *fill*         0x2400007d        0x3 